Archive member included to satisfy reference by file (symbol)

/usr/lib32/libc_nonshared.a(stack_chk_fail_local.oS)
                              /home/glu/dev_nucleo/test/bin/native/application_HelloWorld/main.o (__stack_chk_fail_local)

Merging program properties

Removed property 0xc0000002 to merge /usr/lib/gcc/x86_64-linux-gnu/11/../../../../lib32/crt1.o (0x3) and /home/glu/dev_nucleo/test/bin/native/application_HelloWorld/main.o (not found)
Removed property 0xc0000002 to merge /usr/lib/gcc/x86_64-linux-gnu/11/../../../../lib32/crt1.o (not found) and /usr/lib32/libc_nonshared.a(stack_chk_fail_local.oS) (0x3)
Removed property 0xc0000002 to merge /usr/lib/gcc/x86_64-linux-gnu/11/../../../../lib32/crt1.o (not found) and /usr/lib/gcc/x86_64-linux-gnu/11/32/crtend.o (0x3)
Removed property 0xc0000002 to merge /usr/lib/gcc/x86_64-linux-gnu/11/../../../../lib32/crt1.o (not found) and /usr/lib/gcc/x86_64-linux-gnu/11/../../../../lib32/crtn.o (0x3)

As-needed library included to satisfy reference by file (symbol)

libc.so.6                     /home/glu/dev_nucleo/test/bin/native/cpu/startup.o (strtol@@GLIBC_2.0)

Discarded input sections

 .note.gnu.property
                0x0000000000000000       0x1c /usr/lib/gcc/x86_64-linux-gnu/11/../../../../lib32/crt1.o
 .rodata        0x0000000000000000        0x4 /usr/lib/gcc/x86_64-linux-gnu/11/../../../../lib32/crt1.o
 .data          0x0000000000000000        0x4 /usr/lib/gcc/x86_64-linux-gnu/11/../../../../lib32/crt1.o
 .bss           0x0000000000000000        0x0 /usr/lib/gcc/x86_64-linux-gnu/11/../../../../lib32/crt1.o
 .note.GNU-stack
                0x0000000000000000        0x0 /usr/lib/gcc/x86_64-linux-gnu/11/../../../../lib32/crt1.o
 .group         0x0000000000000000        0x8 /usr/lib/gcc/x86_64-linux-gnu/11/../../../../lib32/crti.o
 .text          0x0000000000000000        0x0 /usr/lib/gcc/x86_64-linux-gnu/11/../../../../lib32/crti.o
 .data          0x0000000000000000        0x0 /usr/lib/gcc/x86_64-linux-gnu/11/../../../../lib32/crti.o
 .bss           0x0000000000000000        0x0 /usr/lib/gcc/x86_64-linux-gnu/11/../../../../lib32/crti.o
 .note.gnu.property
                0x0000000000000000       0x1c /usr/lib/gcc/x86_64-linux-gnu/11/../../../../lib32/crti.o
 .note.GNU-stack
                0x0000000000000000        0x0 /usr/lib/gcc/x86_64-linux-gnu/11/../../../../lib32/crti.o
 .data          0x0000000000000000        0x4 /usr/lib/gcc/x86_64-linux-gnu/11/32/crtbegin.o
 .note.GNU-stack
                0x0000000000000000        0x0 /usr/lib/gcc/x86_64-linux-gnu/11/32/crtbegin.o
 .note.gnu.property
                0x0000000000000000       0x1c /usr/lib/gcc/x86_64-linux-gnu/11/32/crtbegin.o
 .group         0x0000000000000000        0x8 /home/glu/dev_nucleo/test/bin/native/application_HelloWorld/main.o
 .group         0x0000000000000000        0xc /home/glu/dev_nucleo/test/bin/native/application_HelloWorld/main.o
 .group         0x0000000000000000        0xc /home/glu/dev_nucleo/test/bin/native/application_HelloWorld/main.o
 .group         0x0000000000000000        0xc /home/glu/dev_nucleo/test/bin/native/application_HelloWorld/main.o
 .group         0x0000000000000000        0xc /home/glu/dev_nucleo/test/bin/native/application_HelloWorld/main.o
 .group         0x0000000000000000        0xc /home/glu/dev_nucleo/test/bin/native/application_HelloWorld/main.o
 .group         0x0000000000000000        0xc /home/glu/dev_nucleo/test/bin/native/application_HelloWorld/main.o
 .group         0x0000000000000000        0xc /home/glu/dev_nucleo/test/bin/native/application_HelloWorld/main.o
 .group         0x0000000000000000        0xc /home/glu/dev_nucleo/test/bin/native/application_HelloWorld/main.o
 .group         0x0000000000000000        0xc /home/glu/dev_nucleo/test/bin/native/application_HelloWorld/main.o
 .group         0x0000000000000000        0xc /home/glu/dev_nucleo/test/bin/native/application_HelloWorld/main.o
 .group         0x0000000000000000        0xc /home/glu/dev_nucleo/test/bin/native/application_HelloWorld/main.o
 .group         0x0000000000000000        0xc /home/glu/dev_nucleo/test/bin/native/application_HelloWorld/main.o
 .group         0x0000000000000000        0xc /home/glu/dev_nucleo/test/bin/native/application_HelloWorld/main.o
 .group         0x0000000000000000        0xc /home/glu/dev_nucleo/test/bin/native/application_HelloWorld/main.o
 .group         0x0000000000000000        0xc /home/glu/dev_nucleo/test/bin/native/application_HelloWorld/main.o
 .group         0x0000000000000000        0xc /home/glu/dev_nucleo/test/bin/native/application_HelloWorld/main.o
 .group         0x0000000000000000        0xc /home/glu/dev_nucleo/test/bin/native/application_HelloWorld/main.o
 .group         0x0000000000000000        0xc /home/glu/dev_nucleo/test/bin/native/application_HelloWorld/main.o
 .group         0x0000000000000000        0xc /home/glu/dev_nucleo/test/bin/native/application_HelloWorld/main.o
[...]
Memory Configuration

Name             Origin             Length             Attributes
*default*        0x0000000000000000 0xffffffffffffffff

Linker script and memory map

                [!provide]                        PROVIDE (__executable_start = SEGMENT_START ("text-segment", 0x8048000))
                0x0000000008048194                . = (SEGMENT_START ("text-segment", 0x8048000) + SIZEOF_HEADERS)

.interp         0x0000000008048194       0x13
 *(.interp)
 .interp        0x0000000008048194       0x13 /usr/lib/gcc/x86_64-linux-gnu/11/../../../../lib32/crt1.o

.note.gnu.build-id
                0x00000000080481a8       0x24
 *(.note.gnu.build-id)
 .note.gnu.build-id
                0x00000000080481a8       0x24 /usr/lib/gcc/x86_64-linux-gnu/11/../../../../lib32/crt1.o

.note.ABI-tag   0x00000000080481cc       0x20
 .note.ABI-tag  0x00000000080481cc       0x20 /usr/lib/gcc/x86_64-linux-gnu/11/../../../../lib32/crt1.o

.hash
 *(.hash)

.gnu.hash       0x00000000080481ec       0xd4
 *(.gnu.hash)
 .gnu.hash      0x00000000080481ec       0xd4 /usr/lib/gcc/x86_64-linux-gnu/11/../../../../lib32/crt1.o

.dynsym         0x00000000080482c0      0x390
 *(.dynsym)
 .dynsym        0x00000000080482c0      0x390 /usr/lib/gcc/x86_64-linux-gnu/11/../../../../lib32/crt1.o

.dynstr         0x0000000008048650      0x1f5
 *(.dynstr)
 .dynstr        0x0000000008048650      0x1f5 /usr/lib/gcc/x86_64-linux-gnu/11/../../../../lib32/crt1.o

.gnu.version    0x0000000008048846       0x72
 *(.gnu.version)
 .gnu.version   0x0000000008048846       0x72 /usr/lib/gcc/x86_64-linux-gnu/11/../../../../lib32/crt1.o

.gnu.version_d  0x00000000080488b8        0x0
 *(.gnu.version_d)
 .gnu.version_d
                0x00000000080488b8        0x0 /usr/lib/gcc/x86_64-linux-gnu/11/../../../../lib32/crt1.o

.gnu.version_r  0x00000000080488b8       0x60
 *(.gnu.version_r)
 .gnu.version_r
                0x00000000080488b8       0x60 /usr/lib/gcc/x86_64-linux-gnu/11/../../../../lib32/crt1.o

.rel.dyn        0x0000000008048918       0x28
 *(.rel.init)
 *(.rel.text .rel.text.* .rel.gnu.linkonce.t.*)
 .rel.text      0x0000000008048918        0x0 /usr/lib/gcc/x86_64-linux-gnu/11/../../../../lib32/crt1.o
 .rel.text.core_panic
                0x0000000008048918        0x0 /usr/lib/gcc/x86_64-linux-gnu/11/../../../../lib32/crt1.o
 *(.rel.fini)
 *(.rel.rodata .rel.rodata.* .rel.gnu.linkonce.r.*)
 *(.rel.data.rel.ro .rel.data.rel.ro.* .rel.gnu.linkonce.d.rel.ro.*)
 .rel.data.rel.ro
                0x0000000008048918        0x0 /usr/lib/gcc/x86_64-linux-gnu/11/../../../../lib32/crt1.o
 *(.rel.data .rel.data.* .rel.gnu.linkonce.d.*)
 *(.rel.tdata .rel.tdata.* .rel.gnu.linkonce.td.*)
 *(.rel.tbss .rel.tbss.* .rel.gnu.linkonce.tb.*)
 *(.rel.ctors)
 *(.rel.dtors)
 *(.rel.got)
 .rel.got       0x0000000008048918       0x28 /usr/lib/gcc/x86_64-linux-gnu/11/../../../../lib32/crt1.o
 *(.rel.bss .rel.bss.* .rel.gnu.linkonce.b.*)
 .rel.bss       0x0000000008048940        0x0 /usr/lib/gcc/x86_64-linux-gnu/11/../../../../lib32/crt1.o
 *(.rel.ifunc)

.rel.plt        0x0000000008048940       0xd8
 *(.rel.plt)
 .rel.plt       0x0000000008048940       0xd8 /usr/lib/gcc/x86_64-linux-gnu/11/../../../../lib32/crt1.o
                [!provide]                        PROVIDE (__rel_iplt_start = .)
 *(.rel.iplt)
 .rel.iplt      0x0000000008048a18        0x0 /usr/lib/gcc/x86_64-linux-gnu/11/../../../../lib32/crt1.o
                [!provide]                        PROVIDE (__rel_iplt_end = .)

.relr.dyn
 *(.relr.dyn)
                0x0000000008049000                . = ALIGN (CONSTANT (MAXPAGESIZE))

.init           0x0000000008049000       0x24
 *(SORT_NONE(.init))
 .init          0x0000000008049000       0x1f /usr/lib/gcc/x86_64-linux-gnu/11/../../../../lib32/crti.o
                0x0000000008049000                _init
 .init          0x000000000804901f        0x5 /usr/lib/gcc/x86_64-linux-gnu/11/../../../../lib32/crtn.o

.plt            0x0000000008049030      0x1c0
 *(.plt)
 .plt           0x0000000008049030      0x1c0 /usr/lib/gcc/x86_64-linux-gnu/11/../../../../lib32/crt1.o
                0x0000000008049040                strcmp@@GLIBC_2.0
                0x0000000008049050                __libc_start_main@@GLIBC_2.34
                0x0000000008049060                sigprocmask@@GLIBC_2.0
                0x0000000008049070                reallocarray@@GLIBC_2.26
                0x0000000008049080                setcontext@@GLIBC_2.0
                0x0000000008049090                __stack_chk_fail@@GLIBC_2.4
                0x00000000080490a0                sysconf@@GLIBC_2.0
                0x00000000080490b0                strerror@@GLIBC_2.0
                0x00000000080490c0                kill@@GLIBC_2.0
                0x00000000080490d0                getopt_long@@GLIBC_2.0
                0x00000000080490e0                strlen@@GLIBC_2.0
                0x00000000080490f0                sigdelset@@GLIBC_2.0
                0x0000000008049100                getcontext@@GLIBC_2.1
                0x0000000008049110                sigaddset@@GLIBC_2.0
                0x0000000008049120                sigfillset@@GLIBC_2.0
                0x0000000008049130                snprintf@@GLIBC_2.0
                0x0000000008049140                swapcontext@@GLIBC_2.1
                0x0000000008049150                __errno_location@@GLIBC_2.0
                0x0000000008049160                fileno@@GLIBC_2.0
                0x0000000008049170                makecontext@@GLIBC_2.1
                0x0000000008049180                strndup@@GLIBC_2.0
                0x0000000008049190                sigemptyset@@GLIBC_2.0
                0x00000000080491a0                dlsym@@GLIBC_2.34
                0x00000000080491b0                vsnprintf@@GLIBC_2.0
                0x00000000080491c0                sigaction@@GLIBC_2.0
                0x00000000080491d0                strtol@@GLIBC_2.0
                0x00000000080491e0                sigaltstack@@GLIBC_2.0
 *(.iplt)
 .iplt          0x00000000080491f0        0x0 /usr/lib/gcc/x86_64-linux-gnu/11/../../../../lib32/crt1.o

.plt.got        0x00000000080491f0        0x0
 *(.plt.got)
 .plt.got       0x00000000080491f0        0x0 /usr/lib/gcc/x86_64-linux-gnu/11/../../../../lib32/crt1.o

.plt.sec
 *(.plt.sec)

.text           0x00000000080491f0     0x3718
 *(.text.unlikely .text.*_unlikely .text.unlikely.*)
 *(.text.exit .text.exit.*)
 *(.text.startup .text.startup.*)
 .text.startup  0x00000000080491f0      0x2e0 /home/glu/dev_nucleo/test/bin/native/cpu/startup.o
 *(.text.hot .text.hot.*)
 *(SORT_BY_NAME(.text.sorted.*))
 *(.text .stub .text.* .gnu.linkonce.t.*)
 .text          0x00000000080494d0       0x45 /usr/lib/gcc/x86_64-linux-gnu/11/../../../../lib32/crt1.o
                0x00000000080494d0                _start
                0x0000000008049510                _dl_relocate_static_pie
 *fill*         0x0000000008049515        0xb 
 .text.__x86.get_pc_thunk.bx
                0x0000000008049520        0x4 /usr/lib/gcc/x86_64-linux-gnu/11/../../../../lib32/crti.o
                0x0000000008049520                __x86.get_pc_thunk.bx
 *fill*         0x0000000008049524        0xc 
 .text          0x0000000008049530       0xb6 /usr/lib/gcc/x86_64-linux-gnu/11/32/crtbegin.o
 .text.main     0x00000000080495e6       0x57 /home/glu/dev_nucleo/test/bin/native/application_HelloWorld/main.o
                0x00000000080495e6                main
 .text.auto_init
                0x000000000804963d       0x5e /home/glu/dev_nucleo/test/bin/native/auto_init/auto_init.o
                0x000000000804963d                auto_init
 .text.__x86.get_pc_thunk.si
                0x000000000804969b        0x4 /home/glu/dev_nucleo/test/bin/native/auto_init/auto_init.o
                0x000000000804969b                __x86.get_pc_thunk.si
 .text.board_init
                0x000000000804969f       0x41 /home/glu/dev_nucleo/test/bin/native/board/board_init.o
                0x000000000804969f                board_init
 .text.__x86.get_pc_thunk.ax
                0x00000000080496e0        0x4 /home/glu/dev_nucleo/test/bin/native/core/msg.o
                0x00000000080496e0                __x86.get_pc_thunk.ax
 .text._unschedule
                0x00000000080496e4       0x6e /home/glu/dev_nucleo/test/bin/native/core/sched.o
 .text.sched_run
                0x0000000008049752       0x8f /home/glu/dev_nucleo/test/bin/native/core/sched.o
                0x0000000008049752                sched_run
 .text.sched_set_status
                0x00000000080497e1       0xd8 /home/glu/dev_nucleo/test/bin/native/core/sched.o
                0x00000000080497e1                sched_set_status
 .text.sched_switch
                0x00000000080498b9       0x6b /home/glu/dev_nucleo/test/bin/native/core/sched.o
                0x00000000080498b9                sched_switch
 .text.sched_task_exit
                0x0000000008049924       0x61 /home/glu/dev_nucleo/test/bin/native/core/sched.o
                0x0000000008049924                sched_task_exit
 .text.thread_sleep
                0x0000000008049985       0x68 /home/glu/dev_nucleo/test/bin/native/core/thread.o
                0x0000000008049985                thread_sleep
 .text.thread_create
                0x00000000080499ed      0x1fb /home/glu/dev_nucleo/test/bin/native/core/thread.o
                0x00000000080499ed                thread_create
 .text.__x86.get_pc_thunk.dx
                0x0000000008049be8        0x4 /home/glu/dev_nucleo/test/bin/native/core/thread.o
                0x0000000008049be8                __x86.get_pc_thunk.dx
 .text._assert_common
                0x0000000008049bec       0x57 /home/glu/dev_nucleo/test/bin/native/core_lib/assert.o
 .text._assert_failure
                0x0000000008049c43       0x34 /home/glu/dev_nucleo/test/bin/native/core_lib/assert.o
                0x0000000008049c43                _assert_failure
 .text.main_trampoline
                0x0000000008049c77       0x60 /home/glu/dev_nucleo/test/bin/native/core_lib/init.o
 .text.idle_thread
                0x0000000008049cd7       0x22 /home/glu/dev_nucleo/test/bin/native/core_lib/init.o
 .text.kernel_init
                0x0000000008049cf9       0x78 /home/glu/dev_nucleo/test/bin/native/core_lib/init.o
                0x0000000008049cf9                kernel_init
 .text.early_init
                0x0000000008049d71       0x3c /home/glu/dev_nucleo/test/bin/native/core_lib/init.o
                0x0000000008049d71                early_init
 .text.panic_app
                0x0000000008049dad       0x25 /home/glu/dev_nucleo/test/bin/native/core_lib/panic.o
                0x0000000008049dad                panic_app
 .text.core_panic
                0x0000000008049dd2       0x74 /home/glu/dev_nucleo/test/bin/native/core_lib/panic.o
                0x0000000008049dd2                core_panic
 .text.native_async_read_cleanup
                0x0000000008049e46       0x85 /home/glu/dev_nucleo/test/bin/native/cpu/async_read.o
                0x0000000008049e46                native_async_read_cleanup
 .text.native_shutdown
                0x0000000008049ecb       0x37 /home/glu/dev_nucleo/test/bin/native/cpu/irq_cpu.o
 .text.irq_disable
                0x0000000008049f02       0x82 /home/glu/dev_nucleo/test/bin/native/cpu/irq_cpu.o
                0x0000000008049f02                irq_disable
 .text.irq_enable
                0x0000000008049f84       0xbf /home/glu/dev_nucleo/test/bin/native/cpu/irq_cpu.o
                0x0000000008049f84                irq_enable
 .text.irq_restore
                0x000000000804a043       0x38 /home/glu/dev_nucleo/test/bin/native/cpu/irq_cpu.o
                0x000000000804a043                irq_restore
 .text.irq_is_enabled
                0x000000000804a07b       0x3b /home/glu/dev_nucleo/test/bin/native/cpu/irq_cpu.o
                0x000000000804a07b                irq_is_enabled
 .text.irq_is_in
                0x000000000804a0b6       0x3b /home/glu/dev_nucleo/test/bin/native/cpu/irq_cpu.o
                0x000000000804a0b6                irq_is_in
 .text._native_popsig
                0x000000000804a0f1       0x8e /home/glu/dev_nucleo/test/bin/native/cpu/irq_cpu.o
                0x000000000804a0f1                _native_popsig
 .text.native_irq_handler
                0x000000000804a17f       0x78 /home/glu/dev_nucleo/test/bin/native/cpu/irq_cpu.o
                0x000000000804a17f                native_irq_handler
 .text.isr_set_sigmask
                0x000000000804a1f7       0x52 /home/glu/dev_nucleo/test/bin/native/cpu/irq_cpu.o
                0x000000000804a1f7                isr_set_sigmask
 .text.native_isr_entry
                0x000000000804a249      0x165 /home/glu/dev_nucleo/test/bin/native/cpu/irq_cpu.o
                0x000000000804a249                native_isr_entry
 .text.set_signal_handler
                0x000000000804a3ae      0x147 /home/glu/dev_nucleo/test/bin/native/cpu/irq_cpu.o
                0x000000000804a3ae                set_signal_handler
 .text.register_interrupt
                0x000000000804a4f5       0x69 /home/glu/dev_nucleo/test/bin/native/cpu/irq_cpu.o
                0x000000000804a4f5                register_interrupt
 .text.unregister_interrupt
                0x000000000804a55e       0x67 /home/glu/dev_nucleo/test/bin/native/cpu/irq_cpu.o
                0x000000000804a55e                unregister_interrupt
 .text.native_interrupt_init
                0x000000000804a5c5      0x3e6 /home/glu/dev_nucleo/test/bin/native/cpu/irq_cpu.o
                0x000000000804a5c5                native_interrupt_init
 .text.__x86.get_pc_thunk.di
                0x000000000804a9ab        0x4 /home/glu/dev_nucleo/test/bin/native/cpu/irq_cpu.o
                0x000000000804a9ab                __x86.get_pc_thunk.di
 .text._native_mod_ctx_leave_sigh
                0x000000000804a9af       0x47 /home/glu/dev_nucleo/test/bin/native/cpu/native_cpu.o
 .text.isr_cpu_switch_context_exit
                0x000000000804a9f6       0x8b /home/glu/dev_nucleo/test/bin/native/cpu/native_cpu.o
                0x000000000804a9f6                isr_cpu_switch_context_exit
 .text.isr_thread_yield
                0x000000000804aa81       0x8b /home/glu/dev_nucleo/test/bin/native/cpu/native_cpu.o
                0x000000000804aa81                isr_thread_yield
 .text.thread_stack_init
                0x000000000804ab0c      0x110 /home/glu/dev_nucleo/test/bin/native/cpu/native_cpu.o
                0x000000000804ab0c                thread_stack_init
 .text.cpu_switch_context_exit
                0x000000000804ac1c       0xa3 /home/glu/dev_nucleo/test/bin/native/cpu/native_cpu.o
                0x000000000804ac1c                cpu_switch_context_exit
 .text.thread_yield_higher
                0x000000000804acbf       0xd2 /home/glu/dev_nucleo/test/bin/native/cpu/native_cpu.o
                0x000000000804acbf                thread_yield_higher
 .text.native_cpu_init
                0x000000000804ad91       0xf0 /home/glu/dev_nucleo/test/bin/native/cpu/native_cpu.o
                0x000000000804ad91                native_cpu_init
 .text.panic_arch
                0x000000000804ae81       0x50 /home/glu/dev_nucleo/test/bin/native/cpu/panic.o
                0x000000000804ae81                panic_arch
 .text._reset_handler
                0x000000000804aed1       0x37 /home/glu/dev_nucleo/test/bin/native/cpu/startup.o
 .text.filter_daemonize_argv
                0x000000000804af08       0x83 /home/glu/dev_nucleo/test/bin/native/cpu/startup.o
 .text._native_input
                0x000000000804af8b       0x90 /home/glu/dev_nucleo/test/bin/native/cpu/startup.o
                0x000000000804af8b                _native_input
 .text._native_log_output
                0x000000000804b01b      0x15a /home/glu/dev_nucleo/test/bin/native/cpu/startup.o
                0x000000000804b01b                _native_log_output
 .text.daemonize
                0x000000000804b175       0xe3 /home/glu/dev_nucleo/test/bin/native/cpu/startup.o
                0x000000000804b175                daemonize
 .text.usage_exit
                0x000000000804b258       0x85 /home/glu/dev_nucleo/test/bin/native/cpu/startup.o
                0x000000000804b258                usage_exit
 .text._native_syscall_enter
                0x000000000804b2dd       0x3d /home/glu/dev_nucleo/test/bin/native/cpu/syscalls.o
                0x000000000804b2dd                _native_syscall_enter
 .text.err      0x000000000804b31a       0x26 /home/glu/dev_nucleo/test/bin/native/cpu/syscalls.o
                0x000000000804b31a                err
 .text._native_syscall_leave
                0x000000000804b340       0xfa /home/glu/dev_nucleo/test/bin/native/cpu/syscalls.o
                0x000000000804b340                _native_syscall_leave
 .text.malloc   0x000000000804b43a       0x9c /home/glu/dev_nucleo/test/bin/native/cpu/syscalls.o
                0x000000000804b43a                malloc
 .text.free     0x000000000804b4d6       0x4f /home/glu/dev_nucleo/test/bin/native/cpu/syscalls.o
                0x000000000804b4d6                free
 .text.calloc   0x000000000804b525       0xa3 /home/glu/dev_nucleo/test/bin/native/cpu/syscalls.o
                0x000000000804b525                calloc
 .text.realloc  0x000000000804b5c8       0x5a /home/glu/dev_nucleo/test/bin/native/cpu/syscalls.o
                0x000000000804b5c8                realloc
 .text.make_message
                0x000000000804b622       0xb7 /home/glu/dev_nucleo/test/bin/native/cpu/syscalls.o
                0x000000000804b622                make_message
 .text._native_read
                0x000000000804b6d9       0x78 /home/glu/dev_nucleo/test/bin/native/cpu/syscalls.o
                0x000000000804b6d9                _native_read
 .text.getc     0x000000000804b751       0x5e /home/glu/dev_nucleo/test/bin/native/cpu/syscalls.o
                0x000000000804b751                getc
 .text.getchar  0x000000000804b7af       0x40 /home/glu/dev_nucleo/test/bin/native/cpu/syscalls.o
                0x000000000804b7af                getchar
 .text.fgetc    0x000000000804b7ef       0x31 /home/glu/dev_nucleo/test/bin/native/cpu/syscalls.o
                0x000000000804b7ef                fgetc
 .text._native_write
                0x000000000804b820       0x7c /home/glu/dev_nucleo/test/bin/native/cpu/syscalls.o
                0x000000000804b820                _native_write
 .text.putchar  0x000000000804b89c       0x3e /home/glu/dev_nucleo/test/bin/native/cpu/syscalls.o
                0x000000000804b89c                putchar
 .text.putc     0x000000000804b8da       0x56 /home/glu/dev_nucleo/test/bin/native/cpu/syscalls.o
                0x000000000804b8da                putc
 .text.puts     0x000000000804b930       0x5d /home/glu/dev_nucleo/test/bin/native/cpu/syscalls.o
                0x000000000804b930                puts
 .text.vwarn    0x000000000804b98d      0x10b /home/glu/dev_nucleo/test/bin/native/cpu/syscalls.o
                0x000000000804b98d                vwarn
 .text.verr     0x000000000804ba98       0x36 /home/glu/dev_nucleo/test/bin/native/cpu/syscalls.o
                0x000000000804ba98                verr
 .text.warn     0x000000000804bace       0x39 /home/glu/dev_nucleo/test/bin/native/cpu/syscalls.o
                0x000000000804bace                warn
 .text.vwarnx   0x000000000804bb07       0xce /home/glu/dev_nucleo/test/bin/native/cpu/syscalls.o
                0x000000000804bb07                vwarnx
 .text.verrx    0x000000000804bbd5       0x36 /home/glu/dev_nucleo/test/bin/native/cpu/syscalls.o
                0x000000000804bbd5                verrx
 .text.warnx    0x000000000804bc0b       0x39 /home/glu/dev_nucleo/test/bin/native/cpu/syscalls.o
                0x000000000804bc0b                warnx
 .text.vfprintf
                0x000000000804bc44       0x90 /home/glu/dev_nucleo/test/bin/native/cpu/syscalls.o
                0x000000000804bc44                vfprintf
 .text.vprintf  0x000000000804bcd4       0x48 /home/glu/dev_nucleo/test/bin/native/cpu/syscalls.o
                0x000000000804bcd4                vprintf
 .text.printf   0x000000000804bd1c       0x4c /home/glu/dev_nucleo/test/bin/native/cpu/syscalls.o
                0x000000000804bd1c                printf
 .text.fprintf  0x000000000804bd68       0x3d /home/glu/dev_nucleo/test/bin/native/cpu/syscalls.o
                0x000000000804bd68                fprintf
 .text.errx     0x000000000804bda5       0x26 /home/glu/dev_nucleo/test/bin/native/cpu/syscalls.o
                0x000000000804bda5                errx
 .text.getpid   0x000000000804bdcb       0x44 /home/glu/dev_nucleo/test/bin/native/cpu/syscalls.o
                0x000000000804bdcb                getpid
 .text._native_init_syscalls
                0x000000000804be0f      0x5c4 /home/glu/dev_nucleo/test/bin/native/cpu/syscalls.o
                0x000000000804be0f                _native_init_syscalls
 .text          0x000000000804c3d3       0x3f /home/glu/dev_nucleo/test/bin/native/cpu/tramp.o
                0x000000000804c3d3                _native_sig_leave_tramp
                0x000000000804c401                _native_sig_leave_handler
 .text.gpio_linux_setup
                0x000000000804c412      0x159 /home/glu/dev_nucleo/test/bin/native/periph/gpio_linux.o
                0x000000000804c412                gpio_linux_setup
 .text.gpio_linux_teardown
                0x000000000804c56b       0xe4 /home/glu/dev_nucleo/test/bin/native/periph/gpio_linux.o
                0x000000000804c56b                gpio_linux_teardown
 .text.__x86.get_pc_thunk.bp
                0x000000000804c64f        0x4 /home/glu/dev_nucleo/test/bin/native/periph/gpio_linux.o
                0x000000000804c64f                __x86.get_pc_thunk.bp
 .text._native_sleep
                0x000000000804c653       0x72 /home/glu/dev_nucleo/test/bin/native/periph/pm.o
 .text.pm_set_lowest
                0x000000000804c6c5       0x2a /home/glu/dev_nucleo/test/bin/native/periph/pm.o
                0x000000000804c6c5                pm_set_lowest
 .text.pm_off   0x000000000804c6ef       0x3d /home/glu/dev_nucleo/test/bin/native/periph/pm.o
                0x000000000804c6ef                pm_off
 .text.pm_reboot
                0x000000000804c72c       0x73 /home/glu/dev_nucleo/test/bin/native/periph/pm.o
                0x000000000804c72c                pm_reboot
 .text.tty_uart_setup
                0x000000000804c79f       0x51 /home/glu/dev_nucleo/test/bin/native/periph/uart.o
                0x000000000804c79f                tty_uart_setup
 .text.periph_init
                0x000000000804c7f0       0x25 /home/glu/dev_nucleo/test/bin/native/periph_common/init.o
                0x000000000804c7f0                periph_init
 .text.led_init
                0x000000000804c815       0x25 /home/glu/dev_nucleo/test/bin/native/periph_common/init_leds.o
                0x000000000804c815                led_init
 .text.stdio_init
                0x000000000804c83a       0x25 /home/glu/dev_nucleo/test/bin/native/stdio_native/stdio_native.o
                0x000000000804c83a                stdio_init
 .text.stdio_read
                0x000000000804c85f       0x45 /home/glu/dev_nucleo/test/bin/native/stdio_native/stdio_native.o
                0x000000000804c85f                stdio_read
 .text.stdio_write
                0x000000000804c8a4       0x45 /home/glu/dev_nucleo/test/bin/native/stdio_native/stdio_native.o
                0x000000000804c8a4                stdio_write
 *fill*         0x000000000804c8e9        0x7 
 .text          0x000000000804c8f0       0x18 /usr/lib32/libc_nonshared.a(stack_chk_fail_local.oS)
                0x000000000804c8f0                __stack_chk_fail_local
 *(.gnu.warning)
LOAD /usr/lib/gcc/x86_64-linux-gnu/11/../../../../lib32/crt1.o
LOAD /usr/lib/gcc/x86_64-linux-gnu/11/../../../../lib32/crti.o
LOAD /usr/lib/gcc/x86_64-linux-gnu/11/32/crtbegin.o
LOAD /home/glu/dev_nucleo/test/bin/native/application_HelloWorld/main.o
LOAD /home/glu/dev_nucleo/test/bin/native/auto_init/auto_init.o
LOAD /home/glu/dev_nucleo/test/bin/native/board/board_init.o
LOAD /home/glu/dev_nucleo/test/bin/native/board_common_init/board_common.o
LOAD /home/glu/dev_nucleo/test/bin/native/core/cond.o
LOAD /home/glu/dev_nucleo/test/bin/native/core/msg.o
LOAD /home/glu/dev_nucleo/test/bin/native/core/mutex.o
LOAD /home/glu/dev_nucleo/test/bin/native/core/sched.o
LOAD /home/glu/dev_nucleo/test/bin/native/core/thread.o
LOAD /home/glu/dev_nucleo/test/bin/native/core_lib/assert.o
LOAD /home/glu/dev_nucleo/test/bin/native/core_lib/atomic_c11.o
LOAD /home/glu/dev_nucleo/test/bin/native/core_lib/atomic_sync.o
LOAD /home/glu/dev_nucleo/test/bin/native/core_lib/bitarithm.o
LOAD /home/glu/dev_nucleo/test/bin/native/core_lib/clist.o
LOAD /home/glu/dev_nucleo/test/bin/native/core_lib/init.o
LOAD /home/glu/dev_nucleo/test/bin/native/core_lib/panic.o
LOAD /home/glu/dev_nucleo/test/bin/native/core_lib/priority_queue.o
LOAD /home/glu/dev_nucleo/test/bin/native/core_lib/ringbuffer.o
LOAD /home/glu/dev_nucleo/test/bin/native/core_lib/rmutex.o
LOAD /home/glu/dev_nucleo/test/bin/native/cpu/async_read.o
LOAD /home/glu/dev_nucleo/test/bin/native/cpu/irq_cpu.o
LOAD /home/glu/dev_nucleo/test/bin/native/cpu/native_cpu.o
LOAD /home/glu/dev_nucleo/test/bin/native/cpu/panic.o
LOAD /home/glu/dev_nucleo/test/bin/native/cpu/startup.o
LOAD /home/glu/dev_nucleo/test/bin/native/cpu/syscalls.o
LOAD /home/glu/dev_nucleo/test/bin/native/cpu/tramp.o
LOAD /home/glu/dev_nucleo/test/bin/native/libc/string.o
LOAD /home/glu/dev_nucleo/test/bin/native/native_drivers/native-led.o
LOAD /home/glu/dev_nucleo/test/bin/native/native_drivers/native-qdec.o
LOAD /home/glu/dev_nucleo/test/bin/native/periph/gpio_linux.o
LOAD /home/glu/dev_nucleo/test/bin/native/periph/pm.o
LOAD /home/glu/dev_nucleo/test/bin/native/periph/uart.o
LOAD /home/glu/dev_nucleo/test/bin/native/periph_common/gpio.o
LOAD /home/glu/dev_nucleo/test/bin/native/periph_common/init.o
LOAD /home/glu/dev_nucleo/test/bin/native/periph_common/init_leds.o
LOAD /home/glu/dev_nucleo/test/bin/native/periph_common/pm.o
LOAD /home/glu/dev_nucleo/test/bin/native/stdio_native/stdio_native.o
LOAD /usr/lib/gcc/x86_64-linux-gnu/11/../../../../lib32/libm.so
LOAD /usr/lib/gcc/x86_64-linux-gnu/11/../../../../lib32/libdl.a
                0x0000000000000000                _slot_aux_offset = 0x0
                0x0000000000000000                _slot_aux_len = 0x0
LOAD /usr/lib/gcc/x86_64-linux-gnu/11/32/libgcc.a
LOAD /usr/lib/gcc/x86_64-linux-gnu/11/32/libgcc_s.so
START GROUP
LOAD /usr/lib/gcc/x86_64-linux-gnu/11/../../../../lib32/libgcc_s.so.1
LOAD /usr/lib/gcc/x86_64-linux-gnu/11/32/libgcc.a
END GROUP
LOAD /usr/lib/gcc/x86_64-linux-gnu/11/../../../../lib32/libc.so
START GROUP
LOAD /lib32/libc.so.6
LOAD /usr/lib32/libc_nonshared.a
LOAD /lib/ld-linux.so.2
END GROUP
LOAD /usr/lib/gcc/x86_64-linux-gnu/11/32/libgcc.a
LOAD /usr/lib/gcc/x86_64-linux-gnu/11/32/libgcc_s.so
START GROUP
LOAD /usr/lib/gcc/x86_64-linux-gnu/11/../../../../lib32/libgcc_s.so.1
LOAD /usr/lib/gcc/x86_64-linux-gnu/11/32/libgcc.a
END GROUP
LOAD /usr/lib/gcc/x86_64-linux-gnu/11/32/crtend.o
LOAD /usr/lib/gcc/x86_64-linux-gnu/11/../../../../lib32/crtn.o

.rodata         0x000000000804c908        0x0
 *(SORT_BY_NAME(.roxfa.*))
 .roxfa.auto_init_xfa.0_
                0x000000000804c908        0x0 /home/glu/dev_nucleo/test/bin/native/auto_init/auto_init.o
                0x000000000804c908                auto_init_xfa
 .roxfa.auto_init_xfa.9_
                0x000000000804c908        0x0 /home/glu/dev_nucleo/test/bin/native/auto_init/auto_init.o
                0x000000000804c908                auto_init_xfa_end

.data
 *(SORT_BY_NAME(.xfa.*))

.tm_clone_table
                0x000000000804c908        0x0
 .tm_clone_table
                0x000000000804c908        0x0 /usr/lib/gcc/x86_64-linux-gnu/11/32/crtbegin.o
 .tm_clone_table
                0x000000000804c908        0x0 /usr/lib/gcc/x86_64-linux-gnu/11/32/crtend.o

.fini           0x000000000804c908       0x18
 *(SORT_NONE(.fini))
 .fini          0x000000000804c908       0x13 /usr/lib/gcc/x86_64-linux-gnu/11/../../../../lib32/crti.o
                0x000000000804c908                _fini
 .fini          0x000000000804c91b        0x5 /usr/lib/gcc/x86_64-linux-gnu/11/../../../../lib32/crtn.o
                [!provide]                        PROVIDE (__etext = .)
                [!provide]                        PROVIDE (_etext = .)
                [!provide]                        PROVIDE (etext = .)
                0x000000000804d000                . = ALIGN (CONSTANT (MAXPAGESIZE))
                0x000000000804d000                . = SEGMENT_START ("rodata-segment", (ALIGN (CONSTANT (MAXPAGESIZE)) + (. & (CONSTANT (MAXPAGESIZE) - 0x1))))

.rodata         0x000000000804d000      0xe22
 *(.rodata .rodata.* .gnu.linkonce.r.*)
 .rodata.cst4   0x000000000804d000        0x4 /usr/lib/gcc/x86_64-linux-gnu/11/../../../../lib32/crt1.o
                0x000000000804d000                _IO_stdin_used
 .rodata.main.str1.1
                0x000000000804d004       0x1a /home/glu/dev_nucleo/test/bin/native/application_HelloWorld/main.o
 *fill*         0x000000000804d01e        0x2 
 .rodata.board_init.str1.4
                0x000000000804d020       0x1f /home/glu/dev_nucleo/test/bin/native/board/board_init.o
 *fill*         0x000000000804d03f        0x1 
 .rodata._unschedule.str1.4
                0x000000000804d040       0x2e /home/glu/dev_nucleo/test/bin/native/core/sched.o
 .rodata._unschedule.str1.1
                0x000000000804d06e        0xf /home/glu/dev_nucleo/test/bin/native/core/sched.o
 .rodata._assert_common.str1.1
                0x000000000804d07d       0x12 /home/glu/dev_nucleo/test/bin/native/core_lib/assert.o
 .rodata._assert_failure.str1.1
                0x000000000804d08f        0xa /home/glu/dev_nucleo/test/bin/native/core_lib/assert.o
 *fill*         0x000000000804d099        0x3 
 .rodata.main_trampoline.str1.4
                0x000000000804d09c       0x38 /home/glu/dev_nucleo/test/bin/native/core_lib/init.o
 .rodata.kernel_init.str1.1
                0x000000000804d0d4        0xa /home/glu/dev_nucleo/test/bin/native/core_lib/init.o
 .rodata.core_panic.str1.1
                0x000000000804d0de       0x29 /home/glu/dev_nucleo/test/bin/native/core_lib/panic.o
 .rodata.irq_disable.str1.1
                0x000000000804d107       0x19 /home/glu/dev_nucleo/test/bin/native/cpu/irq_cpu.o
 .rodata.irq_enable.str1.1
                0x000000000804d120       0x35 /home/glu/dev_nucleo/test/bin/native/cpu/irq_cpu.o
 .rodata._native_popsig.str1.1
                0x000000000804d155       0x1a /home/glu/dev_nucleo/test/bin/native/cpu/irq_cpu.o
 *fill*         0x000000000804d16f        0x1 
 .rodata.native_irq_handler.str1.4
                0x000000000804d170       0x6b /home/glu/dev_nucleo/test/bin/native/cpu/irq_cpu.o
 *fill*         0x000000000804d1db        0x1 
 .rodata.native_isr_entry.str1.4
                0x000000000804d1dc       0x8a /home/glu/dev_nucleo/test/bin/native/cpu/irq_cpu.o
 .rodata.set_signal_handler.str1.1
                0x000000000804d266       0x3c /home/glu/dev_nucleo/test/bin/native/cpu/irq_cpu.o
 *fill*         0x000000000804d2a2        0x2 
 .rodata.native_interrupt_init.str1.4
                0x000000000804d2a4      0x104 /home/glu/dev_nucleo/test/bin/native/cpu/irq_cpu.o
 .rodata.native_interrupt_init.str1.1
                0x000000000804d3a8       0x5e /home/glu/dev_nucleo/test/bin/native/cpu/irq_cpu.o
 *fill*         0x000000000804d406        0x2 
 .rodata.__isr_stack_size
                0x000000000804d408        0x4 /home/glu/dev_nucleo/test/bin/native/cpu/irq_cpu.o
                0x000000000804d408                __isr_stack_size
 .rodata.isr_cpu_switch_context_exit.str1.4
                0x000000000804d40c       0x50 /home/glu/dev_nucleo/test/bin/native/cpu/native_cpu.o
 .rodata.isr_thread_yield.str1.1
                0x000000000804d45c       0x1d /home/glu/dev_nucleo/test/bin/native/cpu/native_cpu.o
 .rodata.thread_stack_init.str1.1
                0x000000000804d479       0x1e /home/glu/dev_nucleo/test/bin/native/cpu/native_cpu.o
 *fill*         0x000000000804d497        0x1 
 .rodata.thread_stack_init.str1.4
                0x000000000804d498       0x1f /home/glu/dev_nucleo/test/bin/native/cpu/native_cpu.o
 *fill*         0x000000000804d4b7        0x1 
 .rodata.cpu_switch_context_exit.str1.4
                0x000000000804d4b8       0x28 /home/glu/dev_nucleo/test/bin/native/cpu/native_cpu.o
                                         0x4c (size before relaxing)
 .rodata.thread_yield_higher.str1.4
                0x000000000804d4e0       0x21 /home/glu/dev_nucleo/test/bin/native/cpu/native_cpu.o
 .rodata.native_cpu_init.str1.1
                0x000000000804d501       0x34 /home/glu/dev_nucleo/test/bin/native/cpu/native_cpu.o
                                         0x61 (size before relaxing)
 .rodata.filter_daemonize_argv.str1.1
                0x000000000804d535        0x3 /home/glu/dev_nucleo/test/bin/native/cpu/startup.o
 .rodata._native_input.str1.1
                0x000000000804d538       0x1a /home/glu/dev_nucleo/test/bin/native/cpu/startup.o
 *fill*         0x000000000804d552        0x2 
 .rodata._native_input.str1.4
                0x000000000804d554       0x24 /home/glu/dev_nucleo/test/bin/native/cpu/startup.o
 .rodata._native_log_output.str1.1
                0x000000000804d578       0x4f /home/glu/dev_nucleo/test/bin/native/cpu/startup.o
                                         0x53 (size before relaxing)
 *fill*         0x000000000804d5c7        0x1 
 .rodata._native_log_output.str1.4
                0x000000000804d5c8       0x49 /home/glu/dev_nucleo/test/bin/native/cpu/startup.o
 .rodata.daemonize.str1.1
                0x000000000804d611       0x43 /home/glu/dev_nucleo/test/bin/native/cpu/startup.o
 .rodata.usage_exit.str1.1
                0x000000000804d654       0x28 /home/glu/dev_nucleo/test/bin/native/cpu/startup.o
                                         0x2b (size before relaxing)
 .rodata.usage_exit.str1.4
                0x000000000804d67c      0x3d4 /home/glu/dev_nucleo/test/bin/native/cpu/startup.o
 .rodata.startup.str1.4
                0x000000000804da50       0x2f /home/glu/dev_nucleo/test/bin/native/cpu/startup.o
 *fill*         0x000000000804da7f        0x1 
 .rodata.startup
                0x000000000804da80       0xbc /home/glu/dev_nucleo/test/bin/native/cpu/startup.o
 .rodata.str1.1
                0x000000000804db3c       0x4c /home/glu/dev_nucleo/test/bin/native/cpu/startup.o
                                         0x4f (size before relaxing)
 .rodata.short_opts
                0x000000000804db88        0xf /home/glu/dev_nucleo/test/bin/native/cpu/startup.o
 *fill*         0x000000000804db97        0x1 
 .rodata._native_syscall_leave.str1.4
                0x000000000804db98       0x23 /home/glu/dev_nucleo/test/bin/native/cpu/syscalls.o
 .rodata.malloc.str1.1
                0x000000000804dbbb        0x7 /home/glu/dev_nucleo/test/bin/native/cpu/syscalls.o
 .rodata.calloc.str1.1
                0x000000000804dbc2        0x7 /home/glu/dev_nucleo/test/bin/native/cpu/syscalls.o
 .rodata.vwarn.str1.1
                0x000000000804dbc9        0xb /home/glu/dev_nucleo/test/bin/native/cpu/syscalls.o
                                          0xd (size before relaxing)
 .rodata.getpid.str1.1
                0x000000000804dbd4       0x1a /home/glu/dev_nucleo/test/bin/native/cpu/syscalls.o
 .rodata._native_init_syscalls.str1.1
                0x000000000804dbee      0x172 /home/glu/dev_nucleo/test/bin/native/cpu/syscalls.o
                                        0x1a7 (size before relaxing)
 .rodata.gpio_linux_setup.str1.1
                0x000000000804dd60       0x43 /home/glu/dev_nucleo/test/bin/native/periph/gpio_linux.o
 *fill*         0x000000000804dda3        0x1 
 .rodata.gpio_linux_setup.str1.4
                0x000000000804dda4       0x20 /home/glu/dev_nucleo/test/bin/native/periph/gpio_linux.o
 .rodata.pm_off.str1.1
                0x000000000804ddc4       0x11 /home/glu/dev_nucleo/test/bin/native/periph/pm.o
 .rodata.pm_reboot.str1.1
                0x000000000804ddd5       0x21 /home/glu/dev_nucleo/test/bin/native/periph/pm.o
 *fill*         0x000000000804ddf6        0x2 
 .rodata.pm_reboot.str1.4
                0x000000000804ddf8       0x2a /home/glu/dev_nucleo/test/bin/native/periph/pm.o

.rodata1
 *(.rodata1)

.eh_frame_hdr   0x000000000804de24      0x31c
 *(.eh_frame_hdr)
 .eh_frame_hdr  0x000000000804de24      0x31c /usr/lib/gcc/x86_64-linux-gnu/11/../../../../lib32/crt1.o
                0x000000000804de24                __GNU_EH_FRAME_HDR
 *(.eh_frame_entry .eh_frame_entry.*)

.eh_frame       0x000000000804e140     0x1b18
 *(.eh_frame)
 .eh_frame      0x000000000804e140       0x40 /usr/lib/gcc/x86_64-linux-gnu/11/../../../../lib32/crt1.o
                                         0x58 (size before relaxing)
 .eh_frame      0x000000000804e180       0x24 /usr/lib/gcc/x86_64-linux-gnu/11/../../../../lib32/crt1.o
                                         0x40 (size before relaxing)
 .eh_frame      0x000000000804e1a4        0x0 /usr/lib/gcc/x86_64-linux-gnu/11/../../../../lib32/crt1.o
 .eh_frame      0x000000000804e1a4       0x38 /home/glu/dev_nucleo/test/bin/native/application_HelloWorld/main.o
                                         0x64 (size before relaxing)
 .eh_frame      0x000000000804e1dc       0x44 /home/glu/dev_nucleo/test/bin/native/auto_init/auto_init.o
                                         0x5c (size before relaxing)
 .eh_frame      0x000000000804e220       0x2c /home/glu/dev_nucleo/test/bin/native/board/board_init.o
                                         0x58 (size before relaxing)
 .eh_frame      0x000000000804e24c        0x0 /home/glu/dev_nucleo/test/bin/native/board_common_init/board_common.o
                                         0x34 (size before relaxing)
 .eh_frame      0x000000000804e24c        0x0 /home/glu/dev_nucleo/test/bin/native/core/cond.o
                                        0x148 (size before relaxing)
 .eh_frame      0x000000000804e24c       0x14 /home/glu/dev_nucleo/test/bin/native/core/msg.o
                                        0x5cc (size before relaxing)
 .eh_frame      0x000000000804e260        0x0 /home/glu/dev_nucleo/test/bin/native/core/mutex.o
                                        0x244 (size before relaxing)
 .eh_frame      0x000000000804e260       0xf0 /home/glu/dev_nucleo/test/bin/native/core/sched.o
                                        0x184 (size before relaxing)
 .eh_frame      0x000000000804e350       0xd0 /home/glu/dev_nucleo/test/bin/native/core/thread.o
                                        0x2d8 (size before relaxing)
 .eh_frame      0x000000000804e420       0x54 /home/glu/dev_nucleo/test/bin/native/core_lib/assert.o
                                         0xa0 (size before relaxing)
 .eh_frame      0x000000000804e474        0x0 /home/glu/dev_nucleo/test/bin/native/core_lib/atomic_c11.o
                                       0x1378 (size before relaxing)
 .eh_frame      0x000000000804e474        0x0 /home/glu/dev_nucleo/test/bin/native/core_lib/bitarithm.o
                                         0x50 (size before relaxing)
 .eh_frame      0x000000000804e474        0x0 /home/glu/dev_nucleo/test/bin/native/core_lib/clist.o
                                         0x64 (size before relaxing)
 .eh_frame      0x000000000804e474       0xb8 /home/glu/dev_nucleo/test/bin/native/core_lib/init.o
                                         0xe4 (size before relaxing)
 .eh_frame      0x000000000804e52c       0x50 /home/glu/dev_nucleo/test/bin/native/core_lib/panic.o
                                         0x98 (size before relaxing)
 .eh_frame      0x000000000804e57c        0x0 /home/glu/dev_nucleo/test/bin/native/core_lib/priority_queue.o
                                         0x9c (size before relaxing)
 .eh_frame      0x000000000804e57c        0x0 /home/glu/dev_nucleo/test/bin/native/core_lib/ringbuffer.o
                                        0x1e0 (size before relaxing)
 .eh_frame      0x000000000804e57c        0x0 /home/glu/dev_nucleo/test/bin/native/core_lib/rmutex.o
                                        0x100 (size before relaxing)
 .eh_frame      0x000000000804e57c       0x48 /home/glu/dev_nucleo/test/bin/native/cpu/async_read.o
                                        0x358 (size before relaxing)
 .eh_frame      0x000000000804e5c4      0x544 /home/glu/dev_nucleo/test/bin/native/cpu/irq_cpu.o
                                        0x794 (size before relaxing)
 .eh_frame      0x000000000804eb08      0x218 /home/glu/dev_nucleo/test/bin/native/cpu/native_cpu.o
                                        0x2d0 (size before relaxing)
 .eh_frame      0x000000000804ed20       0x2c /home/glu/dev_nucleo/test/bin/native/cpu/panic.o
                                         0x58 (size before relaxing)
 .eh_frame      0x000000000804ed4c      0x2f0 /home/glu/dev_nucleo/test/bin/native/cpu/startup.o
                                        0x330 (size before relaxing)
 .eh_frame      0x000000000804f03c      0x948 /home/glu/dev_nucleo/test/bin/native/cpu/syscalls.o
                                        0x9f8 (size before relaxing)
 .eh_frame      0x000000000804f984        0x0 /home/glu/dev_nucleo/test/bin/native/libc/string.o
                                         0x64 (size before relaxing)
 .eh_frame      0x000000000804f984        0x0 /home/glu/dev_nucleo/test/bin/native/native_drivers/native-led.o
                                        0x134 (size before relaxing)
 .eh_frame      0x000000000804f984      0x128 /home/glu/dev_nucleo/test/bin/native/periph/gpio_linux.o
                                        0x2b0 (size before relaxing)
 .eh_frame      0x000000000804faac       0xb0 /home/glu/dev_nucleo/test/bin/native/periph/pm.o
                                        0x10c (size before relaxing)
 .eh_frame      0x000000000804fb5c       0x38 /home/glu/dev_nucleo/test/bin/native/periph/uart.o
                                        0x1d4 (size before relaxing)
 .eh_frame      0x000000000804fb94        0x0 /home/glu/dev_nucleo/test/bin/native/periph_common/gpio.o
                                         0x7c (size before relaxing)
 .eh_frame      0x000000000804fb94       0x1c /home/glu/dev_nucleo/test/bin/native/periph_common/init.o
                                         0x34 (size before relaxing)
 .eh_frame      0x000000000804fbb0       0x1c /home/glu/dev_nucleo/test/bin/native/periph_common/init_leds.o
                                         0x34 (size before relaxing)
 .eh_frame      0x000000000804fbcc       0x6c /home/glu/dev_nucleo/test/bin/native/stdio_native/stdio_native.o
                                         0x98 (size before relaxing)
 .eh_frame      0x000000000804fc38       0x1c /usr/lib32/libc_nonshared.a(stack_chk_fail_local.oS)
                                         0x48 (size before relaxing)
 .eh_frame      0x000000000804fc54        0x4 /usr/lib/gcc/x86_64-linux-gnu/11/32/crtend.o
 *(.eh_frame.*)

.gcc_except_table
 *(.gcc_except_table .gcc_except_table.*)

.gnu_extab
 *(.gnu_extab*)

.exception_ranges
 *(.exception_ranges*)
                0x0000000008050e34                . = DATA_SEGMENT_ALIGN (CONSTANT (MAXPAGESIZE), CONSTANT (COMMONPAGESIZE))

.eh_frame
 *(.eh_frame)
 *(.eh_frame.*)

.gnu_extab
 *(.gnu_extab)

.gcc_except_table
 *(.gcc_except_table .gcc_except_table.*)

.exception_ranges
 *(.exception_ranges*)

.tdata          0x0000000008050e34        0x0
                [!provide]                        PROVIDE (__tdata_start = .)
 *(.tdata .tdata.* .gnu.linkonce.td.*)

.tbss
 *(.tbss .tbss.* .gnu.linkonce.tb.*)
 *(.tcommon)

.preinit_array  0x0000000008050e34        0x0
                [!provide]                        PROVIDE (__preinit_array_start = .)
 *(.preinit_array)
                [!provide]                        PROVIDE (__preinit_array_end = .)

.init_array     0x0000000008050e34        0x8
                0x0000000008050e34                PROVIDE (__init_array_start = .)
 *(SORT_BY_INIT_PRIORITY(.init_array.*) SORT_BY_INIT_PRIORITY(.ctors.*))
 *(.init_array EXCLUDE_FILE(*crtend?.o *crtend.o *crtbegin?.o *crtbegin.o) .ctors)
 .init_array    0x0000000008050e34        0x4 /usr/lib/gcc/x86_64-linux-gnu/11/32/crtbegin.o
 .init_array    0x0000000008050e38        0x4 /home/glu/dev_nucleo/test/bin/native/cpu/startup.o
                0x0000000008050e3c                PROVIDE (__init_array_end = .)

.fini_array     0x0000000008050e3c        0x4
                [!provide]                        PROVIDE (__fini_array_start = .)
 *(SORT_BY_INIT_PRIORITY(.fini_array.*) SORT_BY_INIT_PRIORITY(.dtors.*))
 *(.fini_array EXCLUDE_FILE(*crtend?.o *crtend.o *crtbegin?.o *crtbegin.o) .dtors)
 .fini_array    0x0000000008050e3c        0x4 /usr/lib/gcc/x86_64-linux-gnu/11/32/crtbegin.o
                [!provide]                        PROVIDE (__fini_array_end = .)

.ctors
 *crtbegin.o(.ctors)
 *crtbegin?.o(.ctors)
 *(EXCLUDE_FILE(*crtend?.o *crtend.o) .ctors)
 *(SORT_BY_NAME(.ctors.*))
 *(.ctors)

.dtors
 *crtbegin.o(.dtors)
 *crtbegin?.o(.dtors)
 *(EXCLUDE_FILE(*crtend?.o *crtend.o) .dtors)
 *(SORT_BY_NAME(.dtors.*))
 *(.dtors)

.jcr
 *(.jcr)

.data.rel.ro    0x0000000008050e40       0xa0
 *(.data.rel.ro.local* .gnu.linkonce.d.rel.ro.local.*)
 .data.rel.ro.local.long_opts
                0x0000000008050e40       0xa0 /home/glu/dev_nucleo/test/bin/native/cpu/startup.o
 *(.data.rel.ro .data.rel.ro.* .gnu.linkonce.d.rel.ro.*)
 .data.rel.ro   0x0000000008050ee0        0x0 /usr/lib/gcc/x86_64-linux-gnu/11/../../../../lib32/crt1.o

.dynamic        0x0000000008050ee0       0xe8
 *(.dynamic)
 .dynamic       0x0000000008050ee0       0xe8 /usr/lib/gcc/x86_64-linux-gnu/11/../../../../lib32/crt1.o
                0x0000000008050ee0                _DYNAMIC

.got            0x0000000008050fc8       0x1c
 *(.got)
 .got           0x0000000008050fc8       0x1c /usr/lib/gcc/x86_64-linux-gnu/11/../../../../lib32/crt1.o
 *(.igot)
                0x0000000008050ff4                . = DATA_SEGMENT_RELRO_END (., (SIZEOF (.got.plt) >= 0xc)?0xc:0x0)

.got.plt        0x0000000008051000       0x78
 *(.got.plt)
 .got.plt       0x0000000008051000       0x78 /usr/lib/gcc/x86_64-linux-gnu/11/../../../../lib32/crt1.o
                0x0000000008051000                _GLOBAL_OFFSET_TABLE_
 *(.igot.plt)
 .igot.plt      0x0000000008051078        0x0 /usr/lib/gcc/x86_64-linux-gnu/11/../../../../lib32/crt1.o

.data
 *(.data .data.* .gnu.linkonce.d.*)

.data1
 *(.data1)
                0x0000000008051078                _edata = .
                [!provide]                        PROVIDE (edata = .)
                0x0000000008051078                . = .
                0x0000000008051078                __bss_start = .

.bss            0x0000000008051080     0x7ae0
 *(.dynbss)
 .dynbss        0x0000000008051080        0x0 /usr/lib/gcc/x86_64-linux-gnu/11/../../../../lib32/crt1.o
 *(.bss .bss.* .gnu.linkonce.b.*)
 .bss           0x0000000008051080        0x1 /usr/lib/gcc/x86_64-linux-gnu/11/32/crtbegin.o
 *fill*         0x0000000008051081        0x3 
 .bss.runqueue_bitcache
                0x0000000008051084        0x4 /home/glu/dev_nucleo/test/bin/native/core/sched.o
 *fill*         0x0000000008051088       0x18 
 .bss.sched_runqueues
                0x00000000080510a0       0x40 /home/glu/dev_nucleo/test/bin/native/core/sched.o
                0x00000000080510a0                sched_runqueues
 .bss.sched_context_switch_request
                0x00000000080510e0        0x4 /home/glu/dev_nucleo/test/bin/native/core/sched.o
                0x00000000080510e0                sched_context_switch_request
 .bss.sched_active_thread
                0x00000000080510e4        0x4 /home/glu/dev_nucleo/test/bin/native/core/sched.o
                0x00000000080510e4                sched_active_thread
 .bss.sched_num_threads
                0x00000000080510e8        0x4 /home/glu/dev_nucleo/test/bin/native/core/sched.o
                0x00000000080510e8                sched_num_threads
 *fill*         0x00000000080510ec       0x14 
 .bss.sched_threads
                0x0000000008051100       0x84 /home/glu/dev_nucleo/test/bin/native/core/sched.o
                0x0000000008051100                sched_threads
 .bss.sched_active_pid
                0x0000000008051184        0x2 /home/glu/dev_nucleo/test/bin/native/core/sched.o
                0x0000000008051184                sched_active_pid
 *fill*         0x0000000008051186       0x1a 
 .bss.idle_stack
                0x00000000080511a0     0x2000 /home/glu/dev_nucleo/test/bin/native/core_lib/init.o
 .bss.main_stack
                0x00000000080531a0     0x3000 /home/glu/dev_nucleo/test/bin/native/core_lib/init.o
 .bss.crashed   0x00000000080561a0        0x4 /home/glu/dev_nucleo/test/bin/native/core_lib/panic.o
 *fill*         0x00000000080561a4       0x1c 
 .bss.pollers   0x00000000080561c0       0x20 /home/glu/dev_nucleo/test/bin/native/cpu/async_read.o
 .bss._fds      0x00000000080561e0       0x10 /home/glu/dev_nucleo/test/bin/native/cpu/async_read.o
 .bss._next_index
                0x00000000080561f0        0x4 /home/glu/dev_nucleo/test/bin/native/cpu/async_read.o
 .bss.sigstk.0  0x00000000080561f4        0xc /home/glu/dev_nucleo/test/bin/native/cpu/irq_cpu.o
 .bss.native_irq_handlers
                0x0000000008056200      0x3fc /home/glu/dev_nucleo/test/bin/native/cpu/irq_cpu.o
 .bss._sig_pipefd
                0x00000000080565fc        0x8 /home/glu/dev_nucleo/test/bin/native/cpu/irq_cpu.o
                0x00000000080565fc                _sig_pipefd
 .bss._native_sigpend
                0x0000000008056604        0x4 /home/glu/dev_nucleo/test/bin/native/cpu/irq_cpu.o
                0x0000000008056604                _native_sigpend
 .bss._native_saved_eip
                0x0000000008056608        0x4 /home/glu/dev_nucleo/test/bin/native/cpu/irq_cpu.o
                0x0000000008056608                _native_saved_eip
 .bss._native_isr_ctx
                0x000000000805660c        0x4 /home/glu/dev_nucleo/test/bin/native/cpu/irq_cpu.o
                0x000000000805660c                _native_isr_ctx
 .bss._native_cur_ctx
                0x0000000008056610        0x4 /home/glu/dev_nucleo/test/bin/native/cpu/irq_cpu.o
                0x0000000008056610                _native_cur_ctx
 *fill*         0x0000000008056614        0xc 
 .bss.native_isr_context
                0x0000000008056620      0x16c /home/glu/dev_nucleo/test/bin/native/cpu/irq_cpu.o
                0x0000000008056620                native_isr_context
 *fill*         0x000000000805678c       0x14 
 .bss.__isr_stack
                0x00000000080567a0     0x2000 /home/glu/dev_nucleo/test/bin/native/cpu/irq_cpu.o
                0x00000000080567a0                __isr_stack
 .bss._native_sig_set_dint
                0x00000000080587a0       0x80 /home/glu/dev_nucleo/test/bin/native/cpu/irq_cpu.o
 .bss._native_sig_set
                0x0000000008058820       0x80 /home/glu/dev_nucleo/test/bin/native/cpu/irq_cpu.o
 .bss._native_in_syscall
                0x00000000080588a0        0x4 /home/glu/dev_nucleo/test/bin/native/cpu/irq_cpu.o
                0x00000000080588a0                _native_in_syscall
 .bss._native_in_isr
                0x00000000080588a4        0x4 /home/glu/dev_nucleo/test/bin/native/cpu/irq_cpu.o
                0x00000000080588a4                _native_in_isr
 .bss.native_interrupts_enabled
                0x00000000080588a8        0x4 /home/glu/dev_nucleo/test/bin/native/cpu/irq_cpu.o
                0x00000000080588a8                native_interrupts_enabled
 *fill*         0x00000000080588ac       0x14 
 .bss.end_context
                0x00000000080588c0      0x16c /home/glu/dev_nucleo/test/bin/native/cpu/native_cpu.o
                0x00000000080588c0                end_context
 .bss._native_rng_mode
                0x0000000008058a2c        0x4 /home/glu/dev_nucleo/test/bin/native/cpu/startup.o
                0x0000000008058a2c                _native_rng_mode
 .bss._native_rng_seed
                0x0000000008058a30        0x4 /home/glu/dev_nucleo/test/bin/native/cpu/startup.o
                0x0000000008058a30                _native_rng_seed
 .bss._native_id
                0x0000000008058a34        0x4 /home/glu/dev_nucleo/test/bin/native/cpu/startup.o
                0x0000000008058a34                _native_id
 .bss._native_pid
                0x0000000008058a38        0x4 /home/glu/dev_nucleo/test/bin/native/cpu/startup.o
                0x0000000008058a38                _native_pid
 .bss._native_argv
                0x0000000008058a3c        0x4 /home/glu/dev_nucleo/test/bin/native/cpu/startup.o
                0x0000000008058a3c                _native_argv
 .bss._progname
                0x0000000008058a40        0x4 /home/glu/dev_nucleo/test/bin/native/cpu/startup.o
                0x0000000008058a40                _progname
 .bss._native_null_out_file
                0x0000000008058a44        0x4 /home/glu/dev_nucleo/test/bin/native/cpu/startup.o
                0x0000000008058a44                _native_null_out_file
 .bss._native_null_in_pipe
                0x0000000008058a48        0x8 /home/glu/dev_nucleo/test/bin/native/cpu/startup.o
                0x0000000008058a48                _native_null_in_pipe
 .bss._native_in_calloc
                0x0000000008058a50        0x4 /home/glu/dev_nucleo/test/bin/native/cpu/syscalls.o
                0x0000000008058a50                _native_in_calloc
 .bss._native_in_malloc
                0x0000000008058a54        0x4 /home/glu/dev_nucleo/test/bin/native/cpu/syscalls.o
                0x0000000008058a54                _native_in_malloc
 .bss.real_statvfs
                0x0000000008058a58        0x4 /home/glu/dev_nucleo/test/bin/native/cpu/syscalls.o
                0x0000000008058a58                real_statvfs
 .bss.real_rename
                0x0000000008058a5c        0x4 /home/glu/dev_nucleo/test/bin/native/cpu/syscalls.o
                0x0000000008058a5c                real_rename
 .bss.real_closedir
                0x0000000008058a60        0x4 /home/glu/dev_nucleo/test/bin/native/cpu/syscalls.o
                0x0000000008058a60                real_closedir
 .bss.real_readdir
                0x0000000008058a64        0x4 /home/glu/dev_nucleo/test/bin/native/cpu/syscalls.o
                0x0000000008058a64                real_readdir
 .bss.real_opendir
                0x0000000008058a68        0x4 /home/glu/dev_nucleo/test/bin/native/cpu/syscalls.o
                0x0000000008058a68                real_opendir
 .bss.real_rmdir
                0x0000000008058a6c        0x4 /home/glu/dev_nucleo/test/bin/native/cpu/syscalls.o
                0x0000000008058a6c                real_rmdir
 .bss.real_mkdir
                0x0000000008058a70        0x4 /home/glu/dev_nucleo/test/bin/native/cpu/syscalls.o
                0x0000000008058a70                real_mkdir
 .bss.real_fsync
                0x0000000008058a74        0x4 /home/glu/dev_nucleo/test/bin/native/cpu/syscalls.o
                0x0000000008058a74                real_fsync
 .bss.real_fstat
                0x0000000008058a78        0x4 /home/glu/dev_nucleo/test/bin/native/cpu/syscalls.o
                0x0000000008058a78                real_fstat
 .bss.real_lseek
                0x0000000008058a7c        0x4 /home/glu/dev_nucleo/test/bin/native/cpu/syscalls.o
                0x0000000008058a7c                real_lseek
 .bss.real_send
                0x0000000008058a80        0x4 /home/glu/dev_nucleo/test/bin/native/cpu/syscalls.o
                0x0000000008058a80                real_send
 .bss.real_writev
                0x0000000008058a84        0x4 /home/glu/dev_nucleo/test/bin/native/cpu/syscalls.o
                0x0000000008058a84                real_writev
 .bss.real_umask
                0x0000000008058a88        0x4 /home/glu/dev_nucleo/test/bin/native/cpu/syscalls.o
                0x0000000008058a88                real_umask
 .bss.real_fgetc
                0x0000000008058a8c        0x4 /home/glu/dev_nucleo/test/bin/native/cpu/syscalls.o
                0x0000000008058a8c                real_fgetc
 .bss.real_fputc
                0x0000000008058a90        0x4 /home/glu/dev_nucleo/test/bin/native/cpu/syscalls.o
                0x0000000008058a90                real_fputc
 .bss.real_ftell
                0x0000000008058a94        0x4 /home/glu/dev_nucleo/test/bin/native/cpu/syscalls.o
                0x0000000008058a94                real_ftell
 .bss.real_fseek
                0x0000000008058a98        0x4 /home/glu/dev_nucleo/test/bin/native/cpu/syscalls.o
                0x0000000008058a98                real_fseek
 .bss.real_fclose
                0x0000000008058a9c        0x4 /home/glu/dev_nucleo/test/bin/native/cpu/syscalls.o
                0x0000000008058a9c                real_fclose
 .bss.real_fopen
                0x0000000008058aa0        0x4 /home/glu/dev_nucleo/test/bin/native/cpu/syscalls.o
                0x0000000008058aa0                real_fopen
 .bss.real_gai_strerror
                0x0000000008058aa4        0x4 /home/glu/dev_nucleo/test/bin/native/cpu/syscalls.o
                0x0000000008058aa4                real_gai_strerror
 .bss.real_random
                0x0000000008058aa8        0x4 /home/glu/dev_nucleo/test/bin/native/cpu/syscalls.o
                0x0000000008058aa8                real_random
 .bss.real_unlink
                0x0000000008058aac        0x4 /home/glu/dev_nucleo/test/bin/native/cpu/syscalls.o
                0x0000000008058aac                real_unlink
 .bss.real_socket
                0x0000000008058ab0        0x4 /home/glu/dev_nucleo/test/bin/native/cpu/syscalls.o
                0x0000000008058ab0                real_socket
 .bss.real_setsockopt
                0x0000000008058ab4        0x4 /home/glu/dev_nucleo/test/bin/native/cpu/syscalls.o
                0x0000000008058ab4                real_setsockopt
 .bss.real_setsid
                0x0000000008058ab8        0x4 /home/glu/dev_nucleo/test/bin/native/cpu/syscalls.o
                0x0000000008058ab8                real_setsid
 .bss.real_poll
                0x0000000008058abc        0x4 /home/glu/dev_nucleo/test/bin/native/cpu/syscalls.o
                0x0000000008058abc                real_poll
 .bss.real_select
                0x0000000008058ac0        0x4 /home/glu/dev_nucleo/test/bin/native/cpu/syscalls.o
                0x0000000008058ac0                real_select
 .bss.real_pipe
                0x0000000008058ac4        0x4 /home/glu/dev_nucleo/test/bin/native/cpu/syscalls.o
                0x0000000008058ac4                real_pipe
 .bss.real_pause
                0x0000000008058ac8        0x4 /home/glu/dev_nucleo/test/bin/native/cpu/syscalls.o
                0x0000000008058ac8                real_pause
 .bss.real_open
                0x0000000008058acc        0x4 /home/glu/dev_nucleo/test/bin/native/cpu/syscalls.o
                0x0000000008058acc                real_open
 .bss.real_ioctl
                0x0000000008058ad0        0x4 /home/glu/dev_nucleo/test/bin/native/cpu/syscalls.o
                0x0000000008058ad0                real_ioctl
 .bss.real_listen
                0x0000000008058ad4        0x4 /home/glu/dev_nucleo/test/bin/native/cpu/syscalls.o
                0x0000000008058ad4                real_listen
 .bss.real_ferror
                0x0000000008058ad8        0x4 /home/glu/dev_nucleo/test/bin/native/cpu/syscalls.o
                0x0000000008058ad8                real_ferror
 .bss.real_feof
                0x0000000008058adc        0x4 /home/glu/dev_nucleo/test/bin/native/cpu/syscalls.o
                0x0000000008058adc                real_feof
 .bss.real_fork
                0x0000000008058ae0        0x4 /home/glu/dev_nucleo/test/bin/native/cpu/syscalls.o
                0x0000000008058ae0                real_fork
 .bss.real_execve
                0x0000000008058ae4        0x4 /home/glu/dev_nucleo/test/bin/native/cpu/syscalls.o
                0x0000000008058ae4                real_execve
 .bss.real_dup2
                0x0000000008058ae8        0x4 /home/glu/dev_nucleo/test/bin/native/cpu/syscalls.o
                0x0000000008058ae8                real_dup2
 .bss.real_creat
                0x0000000008058aec        0x4 /home/glu/dev_nucleo/test/bin/native/cpu/syscalls.o
                0x0000000008058aec                real_creat
 .bss.real_fcntl
                0x0000000008058af0        0x4 /home/glu/dev_nucleo/test/bin/native/cpu/syscalls.o
                0x0000000008058af0                real_fcntl
 .bss.real_close
                0x0000000008058af4        0x4 /home/glu/dev_nucleo/test/bin/native/cpu/syscalls.o
                0x0000000008058af4                real_close
 .bss.real_chdir
                0x0000000008058af8        0x4 /home/glu/dev_nucleo/test/bin/native/cpu/syscalls.o
                0x0000000008058af8                real_chdir
 .bss.real_getpid
                0x0000000008058afc        0x4 /home/glu/dev_nucleo/test/bin/native/cpu/syscalls.o
                0x0000000008058afc                real_getpid
 .bss.real_gettimeofday
                0x0000000008058b00        0x4 /home/glu/dev_nucleo/test/bin/native/cpu/syscalls.o
                0x0000000008058b00                real_gettimeofday
 .bss.real_getifaddrs
                0x0000000008058b04        0x4 /home/glu/dev_nucleo/test/bin/native/cpu/syscalls.o
                0x0000000008058b04                real_getifaddrs
 .bss.real_getaddrinfo
                0x0000000008058b08        0x4 /home/glu/dev_nucleo/test/bin/native/cpu/syscalls.o
                0x0000000008058b08                real_getaddrinfo
 .bss.real_printf
                0x0000000008058b0c        0x4 /home/glu/dev_nucleo/test/bin/native/cpu/syscalls.o
                0x0000000008058b0c                real_printf
 .bss.real_connect
                0x0000000008058b10        0x4 /home/glu/dev_nucleo/test/bin/native/cpu/syscalls.o
                0x0000000008058b10                real_connect
 .bss.real_bind
                0x0000000008058b14        0x4 /home/glu/dev_nucleo/test/bin/native/cpu/syscalls.o
                0x0000000008058b14                real_bind
 .bss.real_accept
                0x0000000008058b18        0x4 /home/glu/dev_nucleo/test/bin/native/cpu/syscalls.o
                0x0000000008058b18                real_accept
 .bss.real_srandom
                0x0000000008058b1c        0x4 /home/glu/dev_nucleo/test/bin/native/cpu/syscalls.o
                0x0000000008058b1c                real_srandom
 .bss.real_freeifaddrs
                0x0000000008058b20        0x4 /home/glu/dev_nucleo/test/bin/native/cpu/syscalls.o
                0x0000000008058b20                real_freeifaddrs
 .bss.real_freeaddrinfo
                0x0000000008058b24        0x4 /home/glu/dev_nucleo/test/bin/native/cpu/syscalls.o
                0x0000000008058b24                real_freeaddrinfo
 .bss.real_realloc
                0x0000000008058b28        0x4 /home/glu/dev_nucleo/test/bin/native/cpu/syscalls.o
                0x0000000008058b28                real_realloc
 .bss.real_calloc
                0x0000000008058b2c        0x4 /home/glu/dev_nucleo/test/bin/native/cpu/syscalls.o
                0x0000000008058b2c                real_calloc
 .bss.real_malloc
                0x0000000008058b30        0x4 /home/glu/dev_nucleo/test/bin/native/cpu/syscalls.o
                0x0000000008058b30                real_malloc
 .bss.real_free
                0x0000000008058b34        0x4 /home/glu/dev_nucleo/test/bin/native/cpu/syscalls.o
                0x0000000008058b34                real_free
 .bss.real_exit
                0x0000000008058b38        0x4 /home/glu/dev_nucleo/test/bin/native/cpu/syscalls.o
                0x0000000008058b38                real_exit
 .bss.real_clearerr
                0x0000000008058b3c        0x4 /home/glu/dev_nucleo/test/bin/native/cpu/syscalls.o
                0x0000000008058b3c                real_clearerr
 .bss.real_recv
                0x0000000008058b40        0x4 /home/glu/dev_nucleo/test/bin/native/cpu/syscalls.o
                0x0000000008058b40                real_recv
 .bss.real_fread
                0x0000000008058b44        0x4 /home/glu/dev_nucleo/test/bin/native/cpu/syscalls.o
                0x0000000008058b44                real_fread
 .bss.real_write
                0x0000000008058b48        0x4 /home/glu/dev_nucleo/test/bin/native/cpu/syscalls.o
                0x0000000008058b48                real_write
 .bss.real_read
                0x0000000008058b4c        0x4 /home/glu/dev_nucleo/test/bin/native/cpu/syscalls.o
                0x0000000008058b4c                real_read
 .bss.port_numof
                0x0000000008058b50        0x4 /home/glu/dev_nucleo/test/bin/native/periph/gpio_linux.o
 .bss.ports     0x0000000008058b54        0x4 /home/glu/dev_nucleo/test/bin/native/periph/gpio_linux.o
 .bss._native_retval
                0x0000000008058b58        0x4 /home/glu/dev_nucleo/test/bin/native/periph/pm.o
                0x0000000008058b58                _native_retval
 .bss.tty_device_filenames
                0x0000000008058b5c        0x4 /home/glu/dev_nucleo/test/bin/native/periph/uart.o
 *(COMMON)
                0x0000000008058b60                . = ALIGN ((. != 0x0)?0x4:0x1)
                0x0000000008058b60                . = ALIGN (0x4)
                0x0000000008058b60                . = SEGMENT_START ("ldata-segment", .)
                0x0000000008058b60                . = ALIGN (0x4)
                0x0000000008058b60                _end = .
                [!provide]                        PROVIDE (end = .)
                0x0000000008058b60                . = DATA_SEGMENT_END (.)

.stab
 *(.stab)

.stabstr
 *(.stabstr)

.stab.excl
 *(.stab.excl)

.stab.exclstr
 *(.stab.exclstr)

.stab.index
 *(.stab.index)

.stab.indexstr
 *(.stab.indexstr)

.comment        0x0000000000000000       0x2b
 *(.comment)
 .comment       0x0000000000000000       0x2b /usr/lib/gcc/x86_64-linux-gnu/11/32/crtbegin.o
                                         0x2c (size before relaxing)
 .comment       0x000000000000002b       0x2c /home/glu/dev_nucleo/test/bin/native/application_HelloWorld/main.o
 .comment       0x000000000000002b       0x2c /home/glu/dev_nucleo/test/bin/native/auto_init/auto_init.o
 .comment       0x000000000000002b       0x2c /home/glu/dev_nucleo/test/bin/native/board/board_init.o
 .comment       0x000000000000002b       0x2c /home/glu/dev_nucleo/test/bin/native/board_common_init/board_common.o
 .comment       0x000000000000002b       0x2c /home/glu/dev_nucleo/test/bin/native/core/cond.o
 .comment       0x000000000000002b       0x2c /home/glu/dev_nucleo/test/bin/native/core/msg.o
 .comment       0x000000000000002b       0x2c /home/glu/dev_nucleo/test/bin/native/core/mutex.o
 .comment       0x000000000000002b       0x2c /home/glu/dev_nucleo/test/bin/native/core/sched.o
 .comment       0x000000000000002b       0x2c /home/glu/dev_nucleo/test/bin/native/core/thread.o
 .comment       0x000000000000002b       0x2c /home/glu/dev_nucleo/test/bin/native/core_lib/assert.o
 .comment       0x000000000000002b       0x2c /home/glu/dev_nucleo/test/bin/native/core_lib/atomic_c11.o
 .comment       0x000000000000002b       0x2c /home/glu/dev_nucleo/test/bin/native/core_lib/bitarithm.o
 .comment       0x000000000000002b       0x2c /home/glu/dev_nucleo/test/bin/native/core_lib/clist.o
 .comment       0x000000000000002b       0x2c /home/glu/dev_nucleo/test/bin/native/core_lib/init.o
 .comment       0x000000000000002b       0x2c /home/glu/dev_nucleo/test/bin/native/core_lib/panic.o
 .comment       0x000000000000002b       0x2c /home/glu/dev_nucleo/test/bin/native/core_lib/priority_queue.o
 .comment       0x000000000000002b       0x2c /home/glu/dev_nucleo/test/bin/native/core_lib/ringbuffer.o
 .comment       0x000000000000002b       0x2c /home/glu/dev_nucleo/test/bin/native/core_lib/rmutex.o
 .comment       0x000000000000002b       0x2c /home/glu/dev_nucleo/test/bin/native/cpu/async_read.o
 .comment       0x000000000000002b       0x2c /home/glu/dev_nucleo/test/bin/native/cpu/irq_cpu.o
 .comment       0x000000000000002b       0x2c /home/glu/dev_nucleo/test/bin/native/cpu/native_cpu.o
 .comment       0x000000000000002b       0x2c /home/glu/dev_nucleo/test/bin/native/cpu/panic.o
 .comment       0x000000000000002b       0x2c /home/glu/dev_nucleo/test/bin/native/cpu/startup.o
 .comment       0x000000000000002b       0x2c /home/glu/dev_nucleo/test/bin/native/cpu/syscalls.o
 .comment       0x000000000000002b       0x2c /home/glu/dev_nucleo/test/bin/native/libc/string.o
 .comment       0x000000000000002b       0x2c /home/glu/dev_nucleo/test/bin/native/native_drivers/native-led.o
 .comment       0x000000000000002b       0x2c /home/glu/dev_nucleo/test/bin/native/periph/gpio_linux.o
 .comment       0x000000000000002b       0x2c /home/glu/dev_nucleo/test/bin/native/periph/pm.o
 .comment       0x000000000000002b       0x2c /home/glu/dev_nucleo/test/bin/native/periph/uart.o
 .comment       0x000000000000002b       0x2c /home/glu/dev_nucleo/test/bin/native/periph_common/gpio.o
 .comment       0x000000000000002b       0x2c /home/glu/dev_nucleo/test/bin/native/periph_common/init.o
 .comment       0x000000000000002b       0x2c /home/glu/dev_nucleo/test/bin/native/periph_common/init_leds.o
 .comment       0x000000000000002b       0x2c /home/glu/dev_nucleo/test/bin/native/stdio_native/stdio_native.o
 .comment       0x000000000000002b       0x2c /usr/lib/gcc/x86_64-linux-gnu/11/32/crtend.o

.gnu.build.attributes
 *(.gnu.build.attributes .gnu.build.attributes.*)

.debug
 *(.debug)

.line
 *(.line)

.debug_srcinfo
 *(.debug_srcinfo)

.debug_sfnames
 *(.debug_sfnames)

.debug_aranges  0x0000000000000000      0xb50
 *(.debug_aranges)
 .debug_aranges
                0x0000000000000000       0x20 /home/glu/dev_nucleo/test/bin/native/application_HelloWorld/main.o
 .debug_aranges
                0x0000000000000020       0x20 /home/glu/dev_nucleo/test/bin/native/auto_init/auto_init.o
 .debug_aranges
                0x0000000000000040       0x20 /home/glu/dev_nucleo/test/bin/native/board/board_init.o
 .debug_aranges
                0x0000000000000060       0x20 /home/glu/dev_nucleo/test/bin/native/board_common_init/board_common.o
 .debug_aranges
                0x0000000000000080       0x40 /home/glu/dev_nucleo/test/bin/native/core/cond.o
 .debug_aranges
                0x00000000000000c0       0xb8 /home/glu/dev_nucleo/test/bin/native/core/msg.o
 .debug_aranges
                0x0000000000000178       0x40 /home/glu/dev_nucleo/test/bin/native/core/mutex.o
 .debug_aranges
                0x00000000000001b8       0x48 /home/glu/dev_nucleo/test/bin/native/core/sched.o
 .debug_aranges
                0x0000000000000200       0x70 /home/glu/dev_nucleo/test/bin/native/core/thread.o
 .debug_aranges
                0x0000000000000270       0x30 /home/glu/dev_nucleo/test/bin/native/core_lib/assert.o
 .debug_aranges
                0x00000000000002a0      0x240 /home/glu/dev_nucleo/test/bin/native/core_lib/atomic_c11.o
 .debug_aranges
                0x00000000000004e0       0x28 /home/glu/dev_nucleo/test/bin/native/core_lib/bitarithm.o
 .debug_aranges
                0x0000000000000508       0x20 /home/glu/dev_nucleo/test/bin/native/core_lib/clist.o
 .debug_aranges
                0x0000000000000528       0x38 /home/glu/dev_nucleo/test/bin/native/core_lib/init.o
 .debug_aranges
                0x0000000000000560       0x30 /home/glu/dev_nucleo/test/bin/native/core_lib/panic.o
 .debug_aranges
                0x0000000000000590       0x30 /home/glu/dev_nucleo/test/bin/native/core_lib/priority_queue.o
 .debug_aranges
                0x00000000000005c0       0x60 /home/glu/dev_nucleo/test/bin/native/core_lib/ringbuffer.o
 .debug_aranges
                0x0000000000000620       0x38 /home/glu/dev_nucleo/test/bin/native/core_lib/rmutex.o
 .debug_aranges
                0x0000000000000658       0x60 /home/glu/dev_nucleo/test/bin/native/cpu/async_read.o
 .debug_aranges
                0x00000000000006b8       0xb0 /home/glu/dev_nucleo/test/bin/native/cpu/irq_cpu.o
 .debug_aranges
                0x0000000000000768       0x68 /home/glu/dev_nucleo/test/bin/native/cpu/native_cpu.o
 .debug_aranges
                0x00000000000007d0       0x20 /home/glu/dev_nucleo/test/bin/native/cpu/panic.o
 .debug_aranges
                0x00000000000007f0       0x50 /home/glu/dev_nucleo/test/bin/native/cpu/startup.o
 .debug_aranges
                0x0000000000000840      0x108 /home/glu/dev_nucleo/test/bin/native/cpu/syscalls.o
 .debug_aranges
                0x0000000000000948       0x20 /home/glu/dev_nucleo/test/bin/native/cpu/tramp.o
 .debug_aranges
                0x0000000000000968       0x28 /home/glu/dev_nucleo/test/bin/native/libc/string.o
 .debug_aranges
                0x0000000000000990       0x48 /home/glu/dev_nucleo/test/bin/native/native_drivers/native-led.o
 .debug_aranges
                0x00000000000009d8       0x60 /home/glu/dev_nucleo/test/bin/native/periph/gpio_linux.o
 .debug_aranges
                0x0000000000000a38       0x40 /home/glu/dev_nucleo/test/bin/native/periph/pm.o
 .debug_aranges
                0x0000000000000a78       0x48 /home/glu/dev_nucleo/test/bin/native/periph/uart.o
 .debug_aranges
                0x0000000000000ac0       0x20 /home/glu/dev_nucleo/test/bin/native/periph_common/gpio.o
 .debug_aranges
                0x0000000000000ae0       0x20 /home/glu/dev_nucleo/test/bin/native/periph_common/init.o
 .debug_aranges
                0x0000000000000b00       0x20 /home/glu/dev_nucleo/test/bin/native/periph_common/init_leds.o
 .debug_aranges
                0x0000000000000b20       0x30 /home/glu/dev_nucleo/test/bin/native/stdio_native/stdio_native.o

.debug_pubnames
 *(.debug_pubnames)

.debug_info     0x0000000000000000    0x11fe1
 *(.debug_info .gnu.linkonce.wi.*)
 .debug_info    0x0000000000000000       0xb9 /home/glu/dev_nucleo/test/bin/native/application_HelloWorld/main.o
 .debug_info    0x00000000000000b9      0x19b /home/glu/dev_nucleo/test/bin/native/auto_init/auto_init.o
 .debug_info    0x0000000000000254       0xcc /home/glu/dev_nucleo/test/bin/native/board/board_init.o
 .debug_info    0x0000000000000320       0xaf /home/glu/dev_nucleo/test/bin/native/board_common_init/board_common.o
 .debug_info    0x00000000000003cf      0x713 /home/glu/dev_nucleo/test/bin/native/core/cond.o
 .debug_info    0x0000000000000ae2     0x1844 /home/glu/dev_nucleo/test/bin/native/core/msg.o
 .debug_info    0x0000000000002326      0x9e2 /home/glu/dev_nucleo/test/bin/native/core/mutex.o
 .debug_info    0x0000000000002d08      0xbc5 /home/glu/dev_nucleo/test/bin/native/core/sched.o
 .debug_info    0x00000000000038cd      0xd57 /home/glu/dev_nucleo/test/bin/native/core/thread.o
 .debug_info    0x0000000000004624      0x222 /home/glu/dev_nucleo/test/bin/native/core_lib/assert.o
 .debug_info    0x0000000000004846     0x24b5 /home/glu/dev_nucleo/test/bin/native/core_lib/atomic_c11.o
 .debug_info    0x0000000000006cfb      0x169 /home/glu/dev_nucleo/test/bin/native/core_lib/bitarithm.o
 .debug_info    0x0000000000006e64      0x1d5 /home/glu/dev_nucleo/test/bin/native/core_lib/clist.o
 .debug_info    0x0000000000007039      0x31f /home/glu/dev_nucleo/test/bin/native/core_lib/init.o
 .debug_info    0x0000000000007358      0x1f5 /home/glu/dev_nucleo/test/bin/native/core_lib/panic.o
 .debug_info    0x000000000000754d      0x228 /home/glu/dev_nucleo/test/bin/native/core_lib/priority_queue.o
 .debug_info    0x0000000000007775      0x4e3 /home/glu/dev_nucleo/test/bin/native/core_lib/ringbuffer.o
 .debug_info    0x0000000000007c58      0x61c /home/glu/dev_nucleo/test/bin/native/core_lib/rmutex.o
 .debug_info    0x0000000000008274      0x8cb /home/glu/dev_nucleo/test/bin/native/cpu/async_read.o
 .debug_info    0x0000000000008b3f     0x2142 /home/glu/dev_nucleo/test/bin/native/cpu/irq_cpu.o
 .debug_info    0x000000000000ac81     0x16d1 /home/glu/dev_nucleo/test/bin/native/cpu/native_cpu.o
 .debug_info    0x000000000000c352      0x275 /home/glu/dev_nucleo/test/bin/native/cpu/panic.o
 .debug_info    0x000000000000c5c7      0xf68 /home/glu/dev_nucleo/test/bin/native/cpu/startup.o
 .debug_info    0x000000000000d52f     0x2a0a /home/glu/dev_nucleo/test/bin/native/cpu/syscalls.o
 .debug_info    0x000000000000ff39       0x24 /home/glu/dev_nucleo/test/bin/native/cpu/tramp.o
 .debug_info    0x000000000000ff5d      0x1c7 /home/glu/dev_nucleo/test/bin/native/libc/string.o
 .debug_info    0x0000000000010124      0x176 /home/glu/dev_nucleo/test/bin/native/native_drivers/native-led.o
 .debug_info    0x000000000001029a      0xb48 /home/glu/dev_nucleo/test/bin/native/periph/gpio_linux.o
 .debug_info    0x0000000000010de2      0x401 /home/glu/dev_nucleo/test/bin/native/periph/pm.o
 .debug_info    0x00000000000111e3      0x810 /home/glu/dev_nucleo/test/bin/native/periph/uart.o
 .debug_info    0x00000000000119f3      0x164 /home/glu/dev_nucleo/test/bin/native/periph_common/gpio.o
 .debug_info    0x0000000000011b57       0xbd /home/glu/dev_nucleo/test/bin/native/periph_common/init.o
 .debug_info    0x0000000000011c14       0xaf /home/glu/dev_nucleo/test/bin/native/periph_common/init_leds.o
 .debug_info    0x0000000000011cc3      0x31e /home/glu/dev_nucleo/test/bin/native/stdio_native/stdio_native.o

.debug_abbrev   0x0000000000000000     0x44a8
 *(.debug_abbrev)
 .debug_abbrev  0x0000000000000000       0x70 /home/glu/dev_nucleo/test/bin/native/application_HelloWorld/main.o
 .debug_abbrev  0x0000000000000070      0x137 /home/glu/dev_nucleo/test/bin/native/auto_init/auto_init.o
 .debug_abbrev  0x00000000000001a7       0x8b /home/glu/dev_nucleo/test/bin/native/board/board_init.o
 .debug_abbrev  0x0000000000000232       0x5d /home/glu/dev_nucleo/test/bin/native/board_common_init/board_common.o
 .debug_abbrev  0x000000000000028f      0x2c9 /home/glu/dev_nucleo/test/bin/native/core/cond.o
 .debug_abbrev  0x0000000000000558      0x4fc /home/glu/dev_nucleo/test/bin/native/core/msg.o
 .debug_abbrev  0x0000000000000a54      0x353 /home/glu/dev_nucleo/test/bin/native/core/mutex.o
 .debug_abbrev  0x0000000000000da7      0x41e /home/glu/dev_nucleo/test/bin/native/core/sched.o
 .debug_abbrev  0x00000000000011c5      0x3f4 /home/glu/dev_nucleo/test/bin/native/core/thread.o
 .debug_abbrev  0x00000000000015b9      0x14f /home/glu/dev_nucleo/test/bin/native/core_lib/assert.o
 .debug_abbrev  0x0000000000001708      0x22e /home/glu/dev_nucleo/test/bin/native/core_lib/atomic_c11.o
 .debug_abbrev  0x0000000000001936       0xe9 /home/glu/dev_nucleo/test/bin/native/core_lib/bitarithm.o
 .debug_abbrev  0x0000000000001a1f      0x11f /home/glu/dev_nucleo/test/bin/native/core_lib/clist.o
 .debug_abbrev  0x0000000000001b3e      0x1ba /home/glu/dev_nucleo/test/bin/native/core_lib/init.o
 .debug_abbrev  0x0000000000001cf8      0x137 /home/glu/dev_nucleo/test/bin/native/core_lib/panic.o
 .debug_abbrev  0x0000000000001e2f      0x115 /home/glu/dev_nucleo/test/bin/native/core_lib/priority_queue.o
 .debug_abbrev  0x0000000000001f44      0x1fa /home/glu/dev_nucleo/test/bin/native/core_lib/ringbuffer.o
 .debug_abbrev  0x000000000000213e      0x273 /home/glu/dev_nucleo/test/bin/native/core_lib/rmutex.o
 .debug_abbrev  0x00000000000023b1      0x26c /home/glu/dev_nucleo/test/bin/native/cpu/async_read.o
 .debug_abbrev  0x000000000000261d      0x4fe /home/glu/dev_nucleo/test/bin/native/cpu/irq_cpu.o
 .debug_abbrev  0x0000000000002b1b      0x444 /home/glu/dev_nucleo/test/bin/native/cpu/native_cpu.o
 .debug_abbrev  0x0000000000002f5f       0xfa /home/glu/dev_nucleo/test/bin/native/cpu/panic.o
 .debug_abbrev  0x0000000000003059      0x404 /home/glu/dev_nucleo/test/bin/native/cpu/startup.o
 .debug_abbrev  0x000000000000345d      0x4e7 /home/glu/dev_nucleo/test/bin/native/cpu/syscalls.o
 .debug_abbrev  0x0000000000003944       0x14 /home/glu/dev_nucleo/test/bin/native/cpu/tramp.o
 .debug_abbrev  0x0000000000003958      0x107 /home/glu/dev_nucleo/test/bin/native/libc/string.o
 .debug_abbrev  0x0000000000003a5f       0x70 /home/glu/dev_nucleo/test/bin/native/native_drivers/native-led.o
 .debug_abbrev  0x0000000000003acf      0x2c6 /home/glu/dev_nucleo/test/bin/native/periph/gpio_linux.o
 .debug_abbrev  0x0000000000003d95      0x1c6 /home/glu/dev_nucleo/test/bin/native/periph/pm.o
 .debug_abbrev  0x0000000000003f5b      0x264 /home/glu/dev_nucleo/test/bin/native/periph/uart.o
 .debug_abbrev  0x00000000000041bf       0xe7 /home/glu/dev_nucleo/test/bin/native/periph_common/gpio.o
 .debug_abbrev  0x00000000000042a6       0x77 /home/glu/dev_nucleo/test/bin/native/periph_common/init.o
 .debug_abbrev  0x000000000000431d       0x5d /home/glu/dev_nucleo/test/bin/native/periph_common/init_leds.o
 .debug_abbrev  0x000000000000437a      0x12e /home/glu/dev_nucleo/test/bin/native/stdio_native/stdio_native.o

.debug_line     0x0000000000000000     0xa82f
 *(.debug_line .debug_line.* .debug_line_end)
 .debug_line    0x0000000000000000       0xf8 /home/glu/dev_nucleo/test/bin/native/application_HelloWorld/main.o
 .debug_line    0x00000000000000f8      0x241 /home/glu/dev_nucleo/test/bin/native/auto_init/auto_init.o
 .debug_line    0x0000000000000339      0x1d7 /home/glu/dev_nucleo/test/bin/native/board/board_init.o
 .debug_line    0x0000000000000510      0x1af /home/glu/dev_nucleo/test/bin/native/board_common_init/board_common.o
 .debug_line    0x00000000000006bf      0x2ff /home/glu/dev_nucleo/test/bin/native/core/cond.o
 .debug_line    0x00000000000009be      0xfcf /home/glu/dev_nucleo/test/bin/native/core/msg.o
 .debug_line    0x000000000000198d      0x5cc /home/glu/dev_nucleo/test/bin/native/core/mutex.o
 .debug_line    0x0000000000001f59      0x6cf /home/glu/dev_nucleo/test/bin/native/core/sched.o
 .debug_line    0x0000000000002628      0x866 /home/glu/dev_nucleo/test/bin/native/core/thread.o
 .debug_line    0x0000000000002e8e      0x239 /home/glu/dev_nucleo/test/bin/native/core_lib/assert.o
 .debug_line    0x00000000000030c7      0xb46 /home/glu/dev_nucleo/test/bin/native/core_lib/atomic_c11.o
 .debug_line    0x0000000000003c0d      0x246 /home/glu/dev_nucleo/test/bin/native/core_lib/bitarithm.o
 .debug_line    0x0000000000003e53      0x23e /home/glu/dev_nucleo/test/bin/native/core_lib/clist.o
 .debug_line    0x0000000000004091      0x338 /home/glu/dev_nucleo/test/bin/native/core_lib/init.o
 .debug_line    0x00000000000043c9      0x21d /home/glu/dev_nucleo/test/bin/native/core_lib/panic.o
 .debug_line    0x00000000000045e6      0x281 /home/glu/dev_nucleo/test/bin/native/core_lib/priority_queue.o
 .debug_line    0x0000000000004867      0x36d /home/glu/dev_nucleo/test/bin/native/core_lib/ringbuffer.o
 .debug_line    0x0000000000004bd4      0x554 /home/glu/dev_nucleo/test/bin/native/core_lib/rmutex.o
 .debug_line    0x0000000000005128      0x6f4 /home/glu/dev_nucleo/test/bin/native/cpu/async_read.o
 .debug_line    0x000000000000581c      0xc52 /home/glu/dev_nucleo/test/bin/native/cpu/irq_cpu.o
 .debug_line    0x000000000000646e      0x7ef /home/glu/dev_nucleo/test/bin/native/cpu/native_cpu.o
 .debug_line    0x0000000000006c5d      0x392 /home/glu/dev_nucleo/test/bin/native/cpu/panic.o
 .debug_line    0x0000000000006fef      0x961 /home/glu/dev_nucleo/test/bin/native/cpu/startup.o
 .debug_line    0x0000000000007950      0xdd8 /home/glu/dev_nucleo/test/bin/native/cpu/syscalls.o
 .debug_line    0x0000000000008728       0x5a /home/glu/dev_nucleo/test/bin/native/cpu/tramp.o
 .debug_line    0x0000000000008782      0x21a /home/glu/dev_nucleo/test/bin/native/libc/string.o
 .debug_line    0x000000000000899c      0x25d /home/glu/dev_nucleo/test/bin/native/native_drivers/native-led.o
 .debug_line    0x0000000000008bf9      0x739 /home/glu/dev_nucleo/test/bin/native/periph/gpio_linux.o
 .debug_line    0x0000000000009332      0x4d8 /home/glu/dev_nucleo/test/bin/native/periph/pm.o
 .debug_line    0x000000000000980a      0x745 /home/glu/dev_nucleo/test/bin/native/periph/uart.o
 .debug_line    0x0000000000009f4f      0x1c2 /home/glu/dev_nucleo/test/bin/native/periph_common/gpio.o
 .debug_line    0x000000000000a111      0x16a /home/glu/dev_nucleo/test/bin/native/periph_common/init.o
 .debug_line    0x000000000000a27b      0x1b5 /home/glu/dev_nucleo/test/bin/native/periph_common/init_leds.o
 .debug_line    0x000000000000a430      0x3ff /home/glu/dev_nucleo/test/bin/native/stdio_native/stdio_native.o

.debug_frame
 *(.debug_frame)

.debug_str      0x0000000000000000    0x62617
 *(.debug_str)
 .debug_str     0x0000000000000000     0x5dd4 /home/glu/dev_nucleo/test/bin/native/application_HelloWorld/main.o
                                       0x5ebe (size before relaxing)
 .debug_str     0x0000000000005dd4    0x47cb5 /home/glu/dev_nucleo/test/bin/native/auto_init/auto_init.o
                                      0x4dd4c (size before relaxing)
 .debug_str     0x000000000004da89     0x171e /home/glu/dev_nucleo/test/bin/native/board/board_init.o
                                       0x877d (size before relaxing)
 .debug_str     0x000000000004f1a7       0x59 /home/glu/dev_nucleo/test/bin/native/board_common_init/board_common.o
                                       0x830f (size before relaxing)
 .debug_str     0x000000000004f200      0x3ae /home/glu/dev_nucleo/test/bin/native/core/cond.o
                                       0x9593 (size before relaxing)
 .debug_str     0x000000000004f5ae      0x337 /home/glu/dev_nucleo/test/bin/native/core/msg.o
                                       0x97a2 (size before relaxing)
 .debug_str     0x000000000004f8e5      0x770 /home/glu/dev_nucleo/test/bin/native/core/mutex.o
                                       0x9c77 (size before relaxing)
 .debug_str     0x0000000000050055      0x6d2 /home/glu/dev_nucleo/test/bin/native/core/sched.o
                                       0x9b6b (size before relaxing)
 .debug_str     0x0000000000050727      0x263 /home/glu/dev_nucleo/test/bin/native/core/thread.o
                                       0xa02f (size before relaxing)
 .debug_str     0x000000000005098a       0x81 /home/glu/dev_nucleo/test/bin/native/core_lib/assert.o
                                       0x92ac (size before relaxing)
 .debug_str     0x0000000000050a0b     0x2c37 /home/glu/dev_nucleo/test/bin/native/core_lib/atomic_c11.o
                                       0x8d2a (size before relaxing)
 .debug_str     0x0000000000053642       0xa9 /home/glu/dev_nucleo/test/bin/native/core_lib/bitarithm.o
                                       0x6aaa (size before relaxing)
 .debug_str     0x00000000000536eb       0x81 /home/glu/dev_nucleo/test/bin/native/core_lib/clist.o
                                       0x327b (size before relaxing)
 .debug_str     0x000000000005376c     0x3c83 /home/glu/dev_nucleo/test/bin/native/core_lib/init.o
                                       0xf080 (size before relaxing)
 .debug_str     0x00000000000573ef       0x70 /home/glu/dev_nucleo/test/bin/native/core_lib/panic.o
                                       0x86ff (size before relaxing)
 .debug_str     0x000000000005745f      0x168 /home/glu/dev_nucleo/test/bin/native/core_lib/priority_queue.o
                                       0x929b (size before relaxing)
 .debug_str     0x00000000000575c7      0x154 /home/glu/dev_nucleo/test/bin/native/core_lib/ringbuffer.o
                                       0x4c84 (size before relaxing)
 .debug_str     0x000000000005771b      0x52b /home/glu/dev_nucleo/test/bin/native/core_lib/rmutex.o
                                       0xacba (size before relaxing)
 .debug_str     0x0000000000057c46     0x613c /home/glu/dev_nucleo/test/bin/native/cpu/async_read.o
                                      0x12fae (size before relaxing)
 .debug_str     0x000000000005dd82     0x213d /home/glu/dev_nucleo/test/bin/native/cpu/irq_cpu.o
                                      0x17faf (size before relaxing)
 .debug_str     0x000000000005febf      0x151 /home/glu/dev_nucleo/test/bin/native/cpu/native_cpu.o
                                      0x168bb (size before relaxing)
 .debug_str     0x0000000000060010       0x28 /home/glu/dev_nucleo/test/bin/native/cpu/panic.o
                                      0x12a2c (size before relaxing)
 .debug_str     0x0000000000060038      0xc79 /home/glu/dev_nucleo/test/bin/native/cpu/startup.o
                                      0x17f6a (size before relaxing)
 .debug_str     0x0000000000060cb1      0x7b0 /home/glu/dev_nucleo/test/bin/native/cpu/syscalls.o
                                      0x17083 (size before relaxing)
 .debug_str     0x0000000000061461       0x5e /home/glu/dev_nucleo/test/bin/native/cpu/tramp.o
 .debug_str     0x00000000000614bf       0x62 /home/glu/dev_nucleo/test/bin/native/libc/string.o
                                       0x6c62 (size before relaxing)
 .debug_str     0x0000000000061521       0xda /home/glu/dev_nucleo/test/bin/native/native_drivers/native-led.o
                                       0x87f9 (size before relaxing)
 .debug_str     0x00000000000615fb      0x1e9 /home/glu/dev_nucleo/test/bin/native/periph/gpio_linux.o
                                      0x16f38 (size before relaxing)
 .debug_str     0x00000000000617e4       0x59 /home/glu/dev_nucleo/test/bin/native/periph/pm.o
                                      0x11819 (size before relaxing)
 .debug_str     0x000000000006183d      0xbc5 /home/glu/dev_nucleo/test/bin/native/periph/uart.o
                                      0x1298c (size before relaxing)
 .debug_str     0x0000000000062402       0x76 /home/glu/dev_nucleo/test/bin/native/periph_common/gpio.o
                                       0x7863 (size before relaxing)
 .debug_str     0x0000000000062478       0x5b /home/glu/dev_nucleo/test/bin/native/periph_common/init.o
                                       0x76d1 (size before relaxing)
 .debug_str     0x00000000000624d3       0xd7 /home/glu/dev_nucleo/test/bin/native/periph_common/init_leds.o
                                       0x838b (size before relaxing)
 .debug_str     0x00000000000625aa       0x6d /home/glu/dev_nucleo/test/bin/native/stdio_native/stdio_native.o
                                      0x136fe (size before relaxing)

.debug_loc
 *(.debug_loc)

.debug_macinfo
 *(.debug_macinfo)

.debug_weaknames
 *(.debug_weaknames)

.debug_funcnames
 *(.debug_funcnames)

.debug_typenames
 *(.debug_typenames)

.debug_varnames
 *(.debug_varnames)

.debug_pubtypes
 *(.debug_pubtypes)

.debug_ranges
 *(.debug_ranges)

.debug_addr
 *(.debug_addr)

.debug_line_str
                0x0000000000000000     0x151f
 *(.debug_line_str)
 .debug_line_str
                0x0000000000000000      0x209 /home/glu/dev_nucleo/test/bin/native/application_HelloWorld/main.o
                                        0x26b (size before relaxing)
 .debug_line_str
                0x0000000000000209      0x370 /home/glu/dev_nucleo/test/bin/native/auto_init/auto_init.o
                                        0x5f7 (size before relaxing)
 .debug_line_str
                0x0000000000000579      0x1b2 /home/glu/dev_nucleo/test/bin/native/board/board_init.o
                                        0x587 (size before relaxing)
 .debug_line_str
                0x000000000000072b       0x69 /home/glu/dev_nucleo/test/bin/native/board_common_init/board_common.o
                                        0x571 (size before relaxing)
 .debug_line_str
                0x0000000000000794       0x52 /home/glu/dev_nucleo/test/bin/native/core/cond.o
                                        0x4e9 (size before relaxing)
 .debug_line_str
                0x00000000000007e6       0x2f /home/glu/dev_nucleo/test/bin/native/core/msg.o
                                        0x4ec (size before relaxing)
 .debug_line_str
                0x0000000000000815       0x3c /home/glu/dev_nucleo/test/bin/native/core/mutex.o
                                        0x54a (size before relaxing)
 .debug_line_str
                0x0000000000000851       0x41 /home/glu/dev_nucleo/test/bin/native/core/sched.o
                                        0x4f7 (size before relaxing)
 .debug_line_str
                0x0000000000000892       0x33 /home/glu/dev_nucleo/test/bin/native/core/thread.o
                                        0x556 (size before relaxing)
 .debug_line_str
                0x00000000000008c5       0x4f /home/glu/dev_nucleo/test/bin/native/core_lib/assert.o
                                        0x4fe (size before relaxing)
 .debug_line_str
                0x0000000000000914      0x18d /home/glu/dev_nucleo/test/bin/native/core_lib/atomic_c11.o
                                        0x495 (size before relaxing)
 .debug_line_str
                0x0000000000000aa1       0x2f /home/glu/dev_nucleo/test/bin/native/core_lib/bitarithm.o
                                        0x339 (size before relaxing)
 .debug_line_str
                0x0000000000000ad0       0x2b /home/glu/dev_nucleo/test/bin/native/core_lib/clist.o
                                        0x170 (size before relaxing)
 .debug_line_str
                0x0000000000000afb       0xb4 /home/glu/dev_nucleo/test/bin/native/core_lib/init.o
                                        0x72e (size before relaxing)
 .debug_line_str
                0x0000000000000baf       0x2b /home/glu/dev_nucleo/test/bin/native/core_lib/panic.o
                                        0x50c (size before relaxing)
 .debug_line_str
                0x0000000000000bda       0x45 /home/glu/dev_nucleo/test/bin/native/core_lib/priority_queue.o
                                        0x513 (size before relaxing)
 .debug_line_str
                0x0000000000000c1f       0x3d /home/glu/dev_nucleo/test/bin/native/core_lib/ringbuffer.o
                                        0x265 (size before relaxing)
 .debug_line_str
                0x0000000000000c5c       0x58 /home/glu/dev_nucleo/test/bin/native/core_lib/rmutex.o
                                        0x655 (size before relaxing)
 .debug_line_str
                0x0000000000000cb4      0x2a5 /home/glu/dev_nucleo/test/bin/native/cpu/async_read.o
                                        0x9b9 (size before relaxing)
 .debug_line_str
                0x0000000000000f59       0xfb /home/glu/dev_nucleo/test/bin/native/cpu/irq_cpu.o
                                        0xbdc (size before relaxing)
 .debug_line_str
                0x0000000000001054       0x32 /home/glu/dev_nucleo/test/bin/native/cpu/native_cpu.o
                                        0xb20 (size before relaxing)
 .debug_line_str